
Allocating common symbols
Common symbol       size              file

Serial_TxPacket     0x8               Modbus_rtu.o
json_backage        0x404             cJSON.o
tempareture_type    0x3c              temperature_contrl.o
mqtt_esp_type       0x20              mqtt_esp.o
Read_length         0x1               esp8266.o
Circular_queue_recv
                    0x130             queue.o
Serial_RxFlag       0x1               Modbus_rtu.o
uart_rec            0xa               init.o
Serial_TxFlag       0x1               Modbus_rtu.o
Json_Read_length    0x1               cJSON.o
Json_recive_data    0x4               cJSON.o
nmi_caller          0x4               1c102_cmdline.o
exti_irq_handle     0x80              1c102_Interrupt.o
Temp_Hum            0xe               Modbus_rtu.o
STS                 0x1               ls1c102_i2c.o
Json_Read_Buffer    0x400             cJSON.o
Json_Comma_Flag     0x10              cJSON.o
humidity_type       0x18              soil_hum.o
Serial_RxPacket     0x9               Modbus_rtu.o
mqtt_data           0x4               cJSON.o
Json_recive_data_lenth
                    0x4               cJSON.o
uart_rec_len        0x1               init.o
_rand_next          0x4               ls1x_printf.o
PWM_485_Data        0xa               Modbus_rtu.o
Flash_pe            0x1               ls1x_flash.o
Circular_queue_send
                    0x130             queue.o
Read_Buffer         0x12c             esp8266.o

Discarded input sections

 .text          0x0000000000000000       0x14 start.o
 .data          0x0000000000000000        0x0 start.o
 .bss           0x0000000000000000        0x0 start.o
 .data          0x0000000000000000        0x0 serial.o
 .bss           0x0000000000000000        0x0 serial.o
 .data          0x0000000000000000        0x0 wakeup.o
 .bss           0x0000000000000000        0x0 wakeup.o
 .text          0x0000000000000000        0x0 UserGpio.o
 .data          0x0000000000000000        0x0 UserGpio.o
 .bss           0x0000000000000000        0x0 UserGpio.o
 .eh_frame      0x0000000000000000       0x3c UserGpio.o
 .text          0x0000000000000000        0x0 init.o
 .data          0x0000000000000000        0x0 init.o
 .bss           0x0000000000000000        0x0 init.o
 .eh_frame      0x0000000000000000       0x3c init.o
 COMMON         0x0000000000000000        0xb init.o
 .text          0x0000000000000000        0x0 ls1x_gpio.o
 .data          0x0000000000000000        0x0 ls1x_gpio.o
 .bss           0x0000000000000000        0x0 ls1x_gpio.o
 .text.GPIO_Init
                0x0000000000000000       0x68 ls1x_gpio.o
 .text.gpio_get_pin
                0x0000000000000000       0x50 ls1x_gpio.o
 .text.gpio_set_direction
                0x0000000000000000      0x128 ls1x_gpio.o
 .text.gpio_set_InputStatus
                0x0000000000000000      0x128 ls1x_gpio.o
 .eh_frame      0x0000000000000000      0x110 ls1x_gpio.o
 .text          0x0000000000000000        0x0 ls1x_spi.o
 .data          0x0000000000000000        0x0 ls1x_spi.o
 .bss           0x0000000000000000        0x0 ls1x_spi.o
 .rodata        0x0000000000000000       0x42 ls1x_spi.o
 .text.Spi_FreqDiv
                0x0000000000000000      0x140 ls1x_spi.o
 .text.Spi_Init
                0x0000000000000000       0x70 ls1x_spi.o
 .text.Spi_Write_Read_1to4
                0x0000000000000000       0xf0 ls1x_spi.o
 .text.Spi_Write_Read_N
                0x0000000000000000      0x124 ls1x_spi.o
 .text.Spi_Cs_Down
                0x0000000000000000       0x58 ls1x_spi.o
 .text.Spi_Cs_Up
                0x0000000000000000       0x54 ls1x_spi.o
 .text.Spi_Send
                0x0000000000000000       0x40 ls1x_spi.o
 .text.Spiflash_Rdsr
                0x0000000000000000       0x4c ls1x_spi.o
 .text.Spiflash_Wait_Wip_Zero
                0x0000000000000000       0x38 ls1x_spi.o
 .text.Spiflash_Wren
                0x0000000000000000       0x4c ls1x_spi.o
 .text.Spiflash_Wrsr
                0x0000000000000000       0x5c ls1x_spi.o
 .text.Spiflash_Rdsr2
                0x0000000000000000       0x4c ls1x_spi.o
 .text.Spiflash_Rdsr3
                0x0000000000000000       0x4c ls1x_spi.o
 .text.Spiflash_Rdid
                0x0000000000000000       0x68 ls1x_spi.o
 .text.Spiflash_Sector_Erase
                0x0000000000000000       0x90 ls1x_spi.o
 .text.Spiflash_Block64k_Erase
                0x0000000000000000       0x90 ls1x_spi.o
 .text.Spiflash_Page_Program
                0x0000000000000000       0xa4 ls1x_spi.o
 .text.Spiflash_Read_Bytes
                0x0000000000000000       0x9c ls1x_spi.o
 .text.SPI_TransByte
                0x0000000000000000       0xe8 ls1x_spi.o
 .text.SpiFlashCsn0Enable
                0x0000000000000000       0x28 ls1x_spi.o
 .text.SpiFlashCsn0Disable
                0x0000000000000000       0x28 ls1x_spi.o
 .comment       0x0000000000000000       0x12 ls1x_spi.o
 .eh_frame      0x0000000000000000      0x320 ls1x_spi.o
 .text          0x0000000000000000        0x0 ls1x_printf.o
 .data          0x0000000000000000        0x0 ls1x_printf.o
 .bss           0x0000000000000000        0x0 ls1x_printf.o
 .rodata        0x0000000000000000        0x7 ls1x_printf.o
 .text.printBuf
                0x0000000000000000       0x78 ls1x_printf.o
 .text.mygetchar
                0x0000000000000000       0x38 ls1x_printf.o
 .text.vsputs   0x0000000000000000       0x54 ls1x_printf.o
 .text.vsputchar
                0x0000000000000000       0x44 ls1x_printf.o
 .text.vsprintbase
                0x0000000000000000      0x17c ls1x_printf.o
 .text.vsprintf
                0x0000000000000000      0x3d8 ls1x_printf.o
 .rodata.vsprintf
                0x0000000000000000      0x150 ls1x_printf.o
 .text.sprintf  0x0000000000000000       0x6c ls1x_printf.o
 .text.rand     0x0000000000000000       0x5c ls1x_printf.o
 .eh_frame      0x0000000000000000      0x27c ls1x_printf.o
 COMMON         0x0000000000000000        0x4 ls1x_printf.o
 .text          0x0000000000000000        0x0 ls1x_uart.o
 .data          0x0000000000000000        0x0 ls1x_uart.o
 .bss           0x0000000000000000        0x0 ls1x_uart.o
 .text.Uart_init
                0x0000000000000000       0xa4 ls1x_uart.o
 .text.UART_GetFlagStatus
                0x0000000000000000       0x64 ls1x_uart.o
 .text.UART_GetITStatus
                0x0000000000000000       0x60 ls1x_uart.o
 .text.UART_ClearITPendingBit
                0x0000000000000000       0xa4 ls1x_uart.o
 .text.x_getchar
                0x0000000000000000       0x2c ls1x_uart.o
 .text.UartInit
                0x0000000000000000       0x6c ls1x_uart.o
 .text.Uart2_init
                0x0000000000000000       0x84 ls1x_uart.o
 .text.Uart1_init_test
                0x0000000000000000       0x80 ls1x_uart.o
 .eh_frame      0x0000000000000000      0x2a4 ls1x_uart.o
 .text          0x0000000000000000        0x0 ls1x_clock.o
 .data          0x0000000000000000        0x0 ls1x_clock.o
 .bss           0x0000000000000000        0x0 ls1x_clock.o
 .text.CLOCK_checkSelect
                0x0000000000000000       0xc0 ls1x_clock.o
 .text.CLOCK_GetFlagStatus
                0x0000000000000000       0x3c ls1x_clock.o
 .text.CLOCK_GetClocksFreq
                0x0000000000000000       0x6c ls1x_clock.o
 .eh_frame      0x0000000000000000      0x18c ls1x_clock.o
 .text          0x0000000000000000        0x0 ls1x_common.o
 .data          0x0000000000000000        0x0 ls1x_common.o
 .bss           0x0000000000000000        0x0 ls1x_common.o
 .text.DisableExtInt
                0x0000000000000000       0x40 ls1x_common.o
 .text.EnableExtInt
                0x0000000000000000       0x3c ls1x_common.o
 .text.Set_soft_int
                0x0000000000000000       0x24 ls1x_common.o
 .text.Set_soft_stop
                0x0000000000000000       0x24 ls1x_common.o
 .text.Set_Timer_Init
                0x0000000000000000       0x30 ls1x_common.o
 .text.Wake_256sec_Set
                0x0000000000000000       0xa8 ls1x_common.o
 .eh_frame      0x0000000000000000      0x19c ls1x_common.o
 .text          0x0000000000000000        0x0 ls1x_pmu.o
 .data          0x0000000000000000        0x0 ls1x_pmu.o
 .bss           0x0000000000000000        0x0 ls1x_pmu.o
 .eh_frame      0x0000000000000000       0x58 ls1x_pmu.o
 .text          0x0000000000000000        0x0 ls1x_logo.o
 .data          0x0000000000000000        0x0 ls1x_logo.o
 .bss           0x0000000000000000        0x0 ls1x_logo.o
 .eh_frame      0x0000000000000000       0x3c ls1x_logo.o
 .text          0x0000000000000000        0x0 ls1x_latimer.o
 .data          0x0000000000000000        0x0 ls1x_latimer.o
 .bss           0x0000000000000000        0x0 ls1x_latimer.o
 .text.close_count
                0x0000000000000000       0x24 ls1x_latimer.o
 .text.delay_us
                0x0000000000000000       0x38 ls1x_latimer.o
 .text.delay_s  0x0000000000000000       0x3c ls1x_latimer.o
 .text.SetTime  0x0000000000000000       0x54 ls1x_latimer.o
 .text.CompareTime
                0x0000000000000000       0x50 ls1x_latimer.o
 .eh_frame      0x0000000000000000      0x19c ls1x_latimer.o
 .text          0x0000000000000000        0x0 ls1x_string.o
 .data          0x0000000000000000        0x0 ls1x_string.o
 .bss           0x0000000000000000        0x0 ls1x_string.o
 .text.memcmp   0x0000000000000000       0x88 ls1x_string.o
 .text.memcpy   0x0000000000000000       0x70 ls1x_string.o
 .text.strstr   0x0000000000000000       0xe0 ls1x_string.o
 .text.strchr   0x0000000000000000       0x80 ls1x_string.o
 .text.atoi     0x0000000000000000       0xe4 ls1x_string.o
 .text.itoa     0x0000000000000000      0x17c ls1x_string.o
 .text.strcat   0x0000000000000000       0xa0 ls1x_string.o
 .text.strcmp   0x0000000000000000       0x84 ls1x_string.o
 .text.strncmp  0x0000000000000000       0xa0 ls1x_string.o
 .text.strcpy   0x0000000000000000       0x5c ls1x_string.o
 .text.strlen   0x0000000000000000       0x4c ls1x_string.o
 .text.isContained
                0x0000000000000000       0x78 ls1x_string.o
 .text.strtok_r
                0x0000000000000000      0x1d4 ls1x_string.o
 .text.str_to_hex
                0x0000000000000000       0xf4 ls1x_string.o
 .text.atohex   0x0000000000000000      0x164 ls1x_string.o
 .eh_frame      0x0000000000000000      0x27c ls1x_string.o
 .text          0x0000000000000000        0x0 ls1x_flash.o
 .data          0x0000000000000000        0x0 ls1x_flash.o
 .bss           0x0000000000000000        0x0 ls1x_flash.o
 .text.FLASH_ErasePage
                0x0000000000000000       0x50 ls1x_flash.o
 .text.FLASH_EraseUserFlash
                0x0000000000000000       0x9c ls1x_flash.o
 .text.FLASH_ReadPage
                0x0000000000000000       0xa4 ls1x_flash.o
 .text.FLASH_WitePage
                0x0000000000000000      0x48c ls1x_flash.o
 .text.ls1c_flash_write2
                0x0000000000000000      0x17c ls1x_flash.o
 .text.ls1c_flash_write_data
                0x0000000000000000      0x144 ls1x_flash.o
 .text.FLASH_WaitForPeEnd
                0x0000000000000000       0x80 ls1x_flash.o
 .text.FLASH_GetStatus
                0x0000000000000000       0x34 ls1x_flash.o
 .text.FLASH_GetFlagStatus
                0x0000000000000000       0x4c ls1x_flash.o
 .text.FLASH_ITConfig
                0x0000000000000000       0x64 ls1x_flash.o
 .text.FLASH_ITCmd
                0x0000000000000000       0x68 ls1x_flash.o
 .text.FLASH_ClearIT
                0x0000000000000000       0x50 ls1x_flash.o
 .text.FLASH_WiteTest
                0x0000000000000000       0xa4 ls1x_flash.o
 .rodata        0x0000000000000000        0xa ls1x_flash.o
 .text.FLASH_ReadTest
                0x0000000000000000       0xc0 ls1x_flash.o
 .comment       0x0000000000000000       0x12 ls1x_flash.o
 .eh_frame      0x0000000000000000      0x21c ls1x_flash.o
 COMMON         0x0000000000000000        0x1 ls1x_flash.o
 .text          0x0000000000000000        0x0 ls1x_rtc.o
 .data          0x0000000000000000        0x0 ls1x_rtc.o
 .bss           0x0000000000000000        0x0 ls1x_rtc.o
 .text.Rtc_Read
                0x0000000000000000       0xec ls1x_rtc.o
 .text.Rtc_Write
                0x0000000000000000      0x16c ls1x_rtc.o
 .text.RtcUpdateData
                0x0000000000000000       0x4c ls1x_rtc.o
 .comment       0x0000000000000000       0x12 ls1x_rtc.o
 .eh_frame      0x0000000000000000       0x80 ls1x_rtc.o
 .text          0x0000000000000000        0x0 ls1x_exti.o
 .data          0x0000000000000000        0x0 ls1x_exti.o
 .bss           0x0000000000000000        0x0 ls1x_exti.o
 .text.EXTI_DeInit
                0x0000000000000000       0x40 ls1x_exti.o
 .text.EXTI_Init
                0x0000000000000000      0x188 ls1x_exti.o
 .text.EXTI_StructInit
                0x0000000000000000       0x44 ls1x_exti.o
 .text.EXTI_GetFlagStatus
                0x0000000000000000       0x50 ls1x_exti.o
 .text.EXTI_ClearFlag
                0x0000000000000000       0x3c ls1x_exti.o
 .text.EXTI_GetITStatus
                0x0000000000000000       0x70 ls1x_exti.o
 .eh_frame      0x0000000000000000       0xfc ls1x_exti.o
 .text          0x0000000000000000        0x0 ls1x_wdg.o
 .data          0x0000000000000000        0x0 ls1x_wdg.o
 .bss           0x0000000000000000        0x0 ls1x_wdg.o
 .eh_frame      0x0000000000000000       0xa4 ls1x_wdg.o
 .text          0x0000000000000000        0x0 ls1c102_i2c.o
 .data          0x0000000000000000        0x0 ls1c102_i2c.o
 .bss           0x0000000000000000        0x0 ls1c102_i2c.o
 .text.I2C_delay_my
                0x0000000000000000       0x3c ls1c102_i2c.o
 .text.I2C_Init
                0x0000000000000000      0x104 ls1c102_i2c.o
 .text.I2C_StructInit
                0x0000000000000000       0x5c ls1c102_i2c.o
 .text.I2C_ITConfig
                0x0000000000000000       0x6c ls1c102_i2c.o
 .text.I2C_ITCmd
                0x0000000000000000       0x90 ls1c102_i2c.o
 .text.I2C_GenerateSTART
                0x0000000000000000       0x7c ls1c102_i2c.o
 .text.I2C_GenerateSTOP
                0x0000000000000000       0x7c ls1c102_i2c.o
 .text.I2C_AcknowledgeConfig
                0x0000000000000000       0x6c ls1c102_i2c.o
 .text.I2C_SendData
                0x0000000000000000       0x50 ls1c102_i2c.o
 .text.I2C_ReceiveData
                0x0000000000000000       0x60 ls1c102_i2c.o
 .rodata        0x0000000000000000       0xaf ls1c102_i2c.o
 .text.I2C_Send7bitAddress
                0x0000000000000000       0xac ls1c102_i2c.o
 .text.I2C_ReadRegister
                0x0000000000000000       0x50 ls1c102_i2c.o
 .text.I2C_ClearFlag
                0x0000000000000000       0x48 ls1c102_i2c.o
 .text.I2C_GetStatus
                0x0000000000000000       0x5c ls1c102_i2c.o
 .text.I2C_ClearIT
                0x0000000000000000       0x50 ls1c102_i2c.o
 .text.I2C_wait
                0x0000000000000000       0x48 ls1c102_i2c.o
 .text.I2C_BUSY
                0x0000000000000000       0x48 ls1c102_i2c.o
 .text.I2C_Unlock
                0x0000000000000000       0x54 ls1c102_i2c.o
 .text.CAT24_Write
                0x0000000000000000      0x15c ls1c102_i2c.o
 .text.CAT24_Read
                0x0000000000000000      0x160 ls1c102_i2c.o
 .text.CAT24_Write_Int
                0x0000000000000000      0x140 ls1c102_i2c.o
 .text.CAT24_Read_Int
                0x0000000000000000      0x16c ls1c102_i2c.o
 .comment       0x0000000000000000       0x12 ls1c102_i2c.o
 .eh_frame      0x0000000000000000      0x338 ls1c102_i2c.o
 COMMON         0x0000000000000000        0x1 ls1c102_i2c.o
 .text          0x0000000000000000        0x0 ls1c102_vpwm.o
 .data          0x0000000000000000        0x0 ls1c102_vpwm.o
 .bss           0x0000000000000000        0x0 ls1c102_vpwm.o
 .comment       0x0000000000000000       0x12 ls1c102_vpwm.o
 .text          0x0000000000000000        0x0 ls1c102_adc.o
 .data          0x0000000000000000        0x0 ls1c102_adc.o
 .bss           0x0000000000000000        0x0 ls1c102_adc.o
 .text.Adc_powerOff
                0x0000000000000000       0x50 ls1c102_adc.o
 .text.Adc_close
                0x0000000000000000       0xe4 ls1c102_adc.o
 .text.Adc_openGroup
                0x0000000000000000       0xa0 ls1c102_adc.o
 .text.Adc_closeGroup
                0x0000000000000000       0xd4 ls1c102_adc.o
 .text.Adc_singleMeasure
                0x0000000000000000       0x90 ls1c102_adc.o
 .text.Adc_getVoltage
                0x0000000000000000       0x68 ls1c102_adc.o
 .eh_frame      0x0000000000000000      0x170 ls1c102_adc.o
 .text          0x0000000000000000        0x0 ls1c102_touch.o
 .data          0x0000000000000000        0x0 ls1c102_touch.o
 .bss           0x0000000000000000        0x0 ls1c102_touch.o
 .text.Touch_CountBaseInit
                0x0000000000000000       0x90 ls1c102_touch.o
 .text.Touch_PerformInit
                0x0000000000000000       0x88 ls1c102_touch.o
 .text.Touch_ControlConfig
                0x0000000000000000       0xc8 ls1c102_touch.o
 .text.TOUCH_Cmd
                0x0000000000000000       0x68 ls1c102_touch.o
 .text.TOUCH_EnablePollScan
                0x0000000000000000       0x30 ls1c102_touch.o
 .text.TOUCH_disablePollScan
                0x0000000000000000       0x34 ls1c102_touch.o
 .text.TOUCH_EnableSingleScan
                0x0000000000000000       0x30 ls1c102_touch.o
 .text.TOUCH_GetDownTh
                0x0000000000000000       0x48 ls1c102_touch.o
 .text.TOUCH_SetDownTh
                0x0000000000000000       0x7c ls1c102_touch.o
 .text.TOUCH_SetBaseVal
                0x0000000000000000       0x7c ls1c102_touch.o
 .text.TOUCH_SetChnAttr
                0x0000000000000000       0x7c ls1c102_touch.o
 .text.TOUCH_SetAllChnAttr
                0x0000000000000000       0x64 ls1c102_touch.o
 .text.TOUCH_SetAllChnAttr2
                0x0000000000000000       0x90 ls1c102_touch.o
 .text.TOUCH_Init
                0x0000000000000000       0xfc ls1c102_touch.o
 .eh_frame      0x0000000000000000      0x2bc ls1c102_touch.o
 .text          0x0000000000000000        0x0 ls1c102_ptimer.o
 .data          0x0000000000000000        0x0 ls1c102_ptimer.o
 .bss           0x0000000000000000        0x0 ls1c102_ptimer.o
 .text.TIM_Cmd  0x0000000000000000       0x54 ls1c102_ptimer.o
 .text.TIM_ITConfig
                0x0000000000000000       0x90 ls1c102_ptimer.o
 .text.TIM_GetCounter
                0x0000000000000000       0x34 ls1c102_ptimer.o
 .text.TIM_SetCounter
                0x0000000000000000       0x30 ls1c102_ptimer.o
 .text.TIM_SetCompare
                0x0000000000000000       0x30 ls1c102_ptimer.o
 .text.TIM_GetCompare
                0x0000000000000000       0x34 ls1c102_ptimer.o
 .eh_frame      0x0000000000000000      0x18c ls1c102_ptimer.o
 .text          0x0000000000000000        0x0 1c102_cmdline.o
 .data          0x0000000000000000        0x0 1c102_cmdline.o
 .bss           0x0000000000000000        0x0 1c102_cmdline.o
 .rodata        0x0000000000000000      0x3a8 1c102_cmdline.o
 .data.cmd      0x0000000000000000      0x1f0 1c102_cmdline.o
 .text.do_exit  0x0000000000000000       0x28 1c102_cmdline.o
 .text.do_help  0x0000000000000000      0x208 1c102_cmdline.o
 .text.cmdline  0x0000000000000000      0xdbc 1c102_cmdline.o
 .comment       0x0000000000000000       0x12 1c102_cmdline.o
 .eh_frame      0x0000000000000000       0x84 1c102_cmdline.o
 COMMON         0x0000000000000000        0x4 1c102_cmdline.o
 .text          0x0000000000000000        0x0 1c102_cmd.o
 .data          0x0000000000000000        0x0 1c102_cmd.o
 .bss           0x0000000000000000        0x0 1c102_cmd.o
 .text.do_nothing
                0x0000000000000000       0x20 1c102_cmd.o
 .rodata        0x0000000000000000      0x875 1c102_cmd.o
 .text.do_d1    0x0000000000000000      0x114 1c102_cmd.o
 .text.do_d4    0x0000000000000000      0x120 1c102_cmd.o
 .text.do_m1    0x0000000000000000       0x90 1c102_cmd.o
 .text.do_m4    0x0000000000000000       0x8c 1c102_cmd.o
 .text.str2num  0x0000000000000000      0x214 1c102_cmd.o
 .text.v_play   0x0000000000000000       0x68 1c102_cmd.o
 .text.touch_reg_show
                0x0000000000000000      0x100 1c102_cmd.o
 .text.touch_value_show
                0x0000000000000000       0xd4 1c102_cmd.o
 .text.touch_test
                0x0000000000000000      0x274 1c102_cmd.o
 .text.hpet     0x0000000000000000      0x100 1c102_cmd.o
 .text.latimer  0x0000000000000000       0x94 1c102_cmd.o
 .text.delay    0x0000000000000000      0x104 1c102_cmd.o
 .text.wakeup   0x0000000000000000       0x90 1c102_cmd.o
 .text.a_to_n   0x0000000000000000       0x60 1c102_cmd.o
 .text.date     0x0000000000000000      0x48c 1c102_cmd.o
 .text.watch_dog
                0x0000000000000000       0x84 1c102_cmd.o
 .text.i2cp     0x0000000000000000       0x4c 1c102_cmd.o
 .text.i2cw     0x0000000000000000      0x10c 1c102_cmd.o
 .text.i2cr     0x0000000000000000       0xe0 1c102_cmd.o
 .text.adc      0x0000000000000000      0x1a4 1c102_cmd.o
 .text.batdet   0x0000000000000000      0x170 1c102_cmd.o
 .text.copy     0x0000000000000000      0x190 1c102_cmd.o
 .text.uart_init
                0x0000000000000000       0xac 1c102_cmd.o
 .text.sleep    0x0000000000000000       0xa4 1c102_cmd.o
 .text.spi_init
                0x0000000000000000       0x68 1c102_cmd.o
 .text.spi_write
                0x0000000000000000      0x134 1c102_cmd.o
 .text.spi_read
                0x0000000000000000      0x174 1c102_cmd.o
 .text.spi_erase
                0x0000000000000000       0x90 1c102_cmd.o
 .text.spi_flash
                0x0000000000000000      0x258 1c102_cmd.o
 .text.gpio_int_test
                0x0000000000000000       0x9c 1c102_cmd.o
 .text.gpio_int
                0x0000000000000000       0x34 1c102_cmd.o
 .text.tmp      0x0000000000000000       0x50 1c102_cmd.o
 .text.m4_flash
                0x0000000000000000       0xb4 1c102_cmd.o
 .text.copy_iram
                0x0000000000000000      0x138 1c102_cmd.o
 .comment       0x0000000000000000       0x12 1c102_cmd.o
 .eh_frame      0x0000000000000000      0x57c 1c102_cmd.o
 .text          0x0000000000000000        0x0 1c102_Interrupt.o
 .data          0x0000000000000000        0x0 1c102_Interrupt.o
 .bss           0x0000000000000000        0x0 1c102_Interrupt.o
 .text.SOFT_INT
                0x0000000000000000       0x34 1c102_Interrupt.o
 .text.TIMER_8M_INT
                0x0000000000000000       0x44 1c102_Interrupt.o
 .text.INTC     0x0000000000000000       0x1c 1c102_Interrupt.o
 .text.RING     0x0000000000000000       0x1c 1c102_Interrupt.o
 .bss.receive_data_uart1.1860
                0x0000000000000000        0x1 1c102_Interrupt.o
 .eh_frame      0x0000000000000000      0x624 1c102_Interrupt.o
 COMMON         0x0000000000000000       0x80 1c102_Interrupt.o
 .text          0x0000000000000000        0x0 executer.o
 .data          0x0000000000000000        0x0 executer.o
 .bss           0x0000000000000000        0x0 executer.o
 .eh_frame      0x0000000000000000      0x124 executer.o
 .text          0x0000000000000000        0x0 1c102_main.o
 .data          0x0000000000000000        0x0 1c102_main.o
 .bss           0x0000000000000000        0x0 1c102_main.o
 .bss.value_4   0x0000000000000000        0x2 1c102_main.o
 .bss.value_5   0x0000000000000000        0x2 1c102_main.o
 .eh_frame      0x0000000000000000       0x34 1c102_main.o
 .text          0x0000000000000000        0x0 temperature_contrl.o
 .data          0x0000000000000000        0x0 temperature_contrl.o
 .bss           0x0000000000000000        0x0 temperature_contrl.o
 .text.Tempareture_PID_loop
                0x0000000000000000      0x110 temperature_contrl.o
 .eh_frame      0x0000000000000000      0x114 temperature_contrl.o
 .text          0x0000000000000000        0x0 led_show.o
 .data          0x0000000000000000        0x0 led_show.o
 .bss           0x0000000000000000        0x0 led_show.o
 .eh_frame      0x0000000000000000       0x60 led_show.o
 .text          0x0000000000000000        0x0 cJSON.o
 .data          0x0000000000000000        0x0 cJSON.o
 .bss           0x0000000000000000        0x0 cJSON.o
 .text.json_to_send
                0x0000000000000000      0x308 cJSON.o
 .rodata        0x0000000000000000       0x4c cJSON.o
 .text.esp8266_send_json
                0x0000000000000000       0xd8 cJSON.o
 .text.json_to_callback
                0x0000000000000000      0x260 cJSON.o
 .text.json_backage_value_get
                0x0000000000000000       0x24 cJSON.o
 .comment       0x0000000000000000       0x12 cJSON.o
 .eh_frame      0x0000000000000000       0xb0 cJSON.o
 COMMON         0x0000000000000000      0x824 cJSON.o
 .text          0x0000000000000000        0x0 pid.o
 .data          0x0000000000000000        0x0 pid.o
 .bss           0x0000000000000000        0x0 pid.o
 .text.PID_Init
                0x0000000000000000       0xa8 pid.o
 .text.PID_computer
                0x0000000000000000       0xe4 pid.o
 .comment       0x0000000000000000       0x12 pid.o
 .eh_frame      0x0000000000000000       0x5c pid.o
 .text          0x0000000000000000        0x0 esp8266.o
 .data          0x0000000000000000        0x0 esp8266.o
 .bss           0x0000000000000000        0x0 esp8266.o
 .text.esp8266_send_data
                0x0000000000000000       0x3c esp8266.o
 .text.esp8266_send_isno
                0x0000000000000000       0x7c esp8266.o
 .eh_frame      0x0000000000000000       0xd8 esp8266.o
 .text          0x0000000000000000        0x0 queue.o
 .data          0x0000000000000000        0x0 queue.o
 .bss           0x0000000000000000        0x0 queue.o
 .text.Queue_Init
                0x0000000000000000       0x4c queue.o
 .text.Queue_isFull
                0x0000000000000000       0x64 queue.o
 .eh_frame      0x0000000000000000      0x114 queue.o
 .text          0x0000000000000000        0x0 soil_hum.o
 .data          0x0000000000000000        0x0 soil_hum.o
 .bss           0x0000000000000000        0x0 soil_hum.o
 .eh_frame      0x0000000000000000       0xf0 soil_hum.o
 .text          0x0000000000000000        0x0 Modbus_rtu.o
 .data          0x0000000000000000        0x0 Modbus_rtu.o
 .bss           0x0000000000000000        0x0 Modbus_rtu.o
 .bss.RxState   0x0000000000000000        0x1 Modbus_rtu.o
 .bss.pRxPacket
                0x0000000000000000        0x1 Modbus_rtu.o
 .text.RS485_Recieve_Callback
                0x0000000000000000      0x318 Modbus_rtu.o
 .text.Determine_Temp_Hum_Data
                0x0000000000000000       0xcc Modbus_rtu.o
 .text.Determine_PWM_485_Data
                0x0000000000000000       0x9c Modbus_rtu.o
 .eh_frame      0x0000000000000000       0xe8 Modbus_rtu.o
 .text          0x0000000000000000        0x0 mqtt_esp.o
 .data          0x0000000000000000        0x0 mqtt_esp.o
 .bss           0x0000000000000000        0x0 mqtt_esp.o
 .rodata        0x0000000000000000       0x2b mqtt_esp.o
 .text.Mqtt_Data_Feedback
                0x0000000000000000       0xe0 mqtt_esp.o
 .eh_frame      0x0000000000000000       0xa4 mqtt_esp.o

Memory Configuration

Name             Origin             Length             Attributes
flash            0x000000001c000000 0x0000000000020000 xr
IRAM             0x0000000080000000 0x0000000000001000 rw
DRAM             0x0000000080001000 0x0000000000001000 rw
*default*        0x0000000000000000 0xffffffffffffffff

Linker script and memory map


.text           0x000000001c000000     0x616c
                0x000000001c000000                . = ALIGN (0x4)
 *(.text .text.*)
 .text._start   0x000000001c000000     0x1128 start.o
                0x000000001c000000                _start
                0x000000001c0000ac                cpu_wait
                0x000000001c000800                m4_flash_4k
 .text          0x000000001c001128       0xbc serial.o
                0x000000001c001128                serial_out
                0x000000001c001144                outputaddr
                0x000000001c0011a4                outputstring
 .text          0x000000001c0011e4      0x148 wakeup.o
                0x000000001c0011e4                cpu_sleep
                0x000000001c00128c                wakeup_reset
 .text.GPIOInit
                0x000000001c00132c       0x98 UserGpio.o
                0x000000001c00132c                GPIOInit
 .text.bsp_init
                0x000000001c0013c4      0x108 init.o
                0x000000001c0013c4                bsp_init
 .text.AFIO_RemapConfig
                0x000000001c0014cc       0xcc ls1x_gpio.o
                0x000000001c0014cc                AFIO_RemapConfig
 .text.gpio_write_pin
                0x000000001c001598       0x78 ls1x_gpio.o
                0x000000001c001598                gpio_write_pin
 .text.gpio_pin_remap
                0x000000001c001610      0x20c ls1x_gpio.o
                0x000000001c001610                gpio_pin_remap
 .text.myputchar
                0x000000001c00181c       0x3c ls1x_printf.o
                0x000000001c00181c                myputchar
 .text.myputchar2
                0x000000001c001858       0x84 ls1x_printf.o
                0x000000001c001858                myputchar2
 .text.printbase
                0x000000001c0018dc      0x160 ls1x_printf.o
                0x000000001c0018dc                printbase
 .text.printbase2
                0x000000001c001a3c      0x178 ls1x_printf.o
                0x000000001c001a3c                printbase2
 .text.puts     0x000000001c001bb4       0x70 ls1x_printf.o
                0x000000001c001bb4                puts
 .text.puts2    0x000000001c001c24       0x88 ls1x_printf.o
                0x000000001c001c24                puts2
 .text.myprintf
                0x000000001c001cac      0x3a4 ls1x_printf.o
                0x000000001c001cac                myprintf
 .text.myprintf2
                0x000000001c002050      0x414 ls1x_printf.o
                0x000000001c002050                myprintf2
 .text.UART_Init
                0x000000001c002464      0x2fc ls1x_uart.o
                0x000000001c002464                UART_Init
 .text.UART_StructInit
                0x000000001c002760       0x7c ls1x_uart.o
                0x000000001c002760                UART_StructInit
 .text.UART_ITConfig
                0x000000001c0027dc       0x88 ls1x_uart.o
                0x000000001c0027dc                UART_ITConfig
 .text.UART_SendData
                0x000000001c002864       0x4c ls1x_uart.o
                0x000000001c002864                UART_SendData
 .text.UART_ReceiveData
                0x000000001c0028b0       0x4c ls1x_uart.o
                0x000000001c0028b0                UART_ReceiveData
 .text.Uart0_init
                0x000000001c0028fc       0xc4 ls1x_uart.o
                0x000000001c0028fc                Uart0_init
 .text.Uart1_init
                0x000000001c0029c0       0xc4 ls1x_uart.o
                0x000000001c0029c0                Uart1_init
 .text.Uart0_send
                0x000000001c002a84       0x3c ls1x_uart.o
                0x000000001c002a84                Uart0_send
 .text.Uart1_send
                0x000000001c002ac0       0x3c ls1x_uart.o
                0x000000001c002ac0                Uart1_send
 .text.Uart2_send
                0x000000001c002afc       0x3c ls1x_uart.o
                0x000000001c002afc                Uart2_send
 .text.CLOCK_WaitForHSEStartUp
                0x000000001c002b38       0x9c ls1x_clock.o
                0x000000001c002b38                CLOCK_WaitForHSEStartUp
 .text.CLOCK_WaitForLSEStartUp
                0x000000001c002bd4       0xe4 ls1x_clock.o
                0x000000001c002bd4                CLOCK_WaitForLSEStartUp
 .text.CLOCK_HSEConfig
                0x000000001c002cb8       0xb4 ls1x_clock.o
                0x000000001c002cb8                CLOCK_HSEConfig
 .text.CLOCK_LSEConfig
                0x000000001c002d6c       0x68 ls1x_clock.o
                0x000000001c002d6c                CLOCK_LSEConfig
 .text.CLOCK_StructInit
                0x000000001c002dd4       0x64 ls1x_clock.o
                0x000000001c002dd4                CLOCK_StructInit
 .text.CLOCK_Init
                0x000000001c002e38      0x23c ls1x_clock.o
                0x000000001c002e38                CLOCK_Init
 .text.SystemClockInit
                0x000000001c003074       0x9c ls1x_clock.o
                0x000000001c003074                SystemClockInit
 .text.IsGlobalIntOpen
                0x000000001c003110       0x38 ls1x_common.o
                0x000000001c003110                IsGlobalIntOpen
 .text.DisableInt
                0x000000001c003148       0x24 ls1x_common.o
                0x000000001c003148                DisableInt
 .text.EnableInt
                0x000000001c00316c       0x24 ls1x_common.o
                0x000000001c00316c                EnableInt
 .text.Set_Timer_stop
                0x000000001c003190       0x20 ls1x_common.o
                0x000000001c003190                Set_Timer_stop
 .text.Set_Timer_clear
                0x000000001c0031b0       0x24 ls1x_common.o
                0x000000001c0031b0                Set_Timer_clear
 .text.Wake_Set
                0x000000001c0031d4       0xac ls1x_common.o
                0x000000001c0031d4                Wake_Set
 .text.PMU_GetRstRrc
                0x000000001c003280       0x6c ls1x_pmu.o
                0x000000001c003280                PMU_GetRstRrc
 .text.PMU_GetBootSpiStatus
                0x000000001c0032ec       0x50 ls1x_pmu.o
                0x000000001c0032ec                PMU_GetBootSpiStatus
 .text.ls1x_logo
                0x000000001c00333c       0x9c ls1x_logo.o
                0x000000001c00333c                ls1x_logo
 .text.get_count
                0x000000001c0033d8       0x2c ls1x_latimer.o
                0x000000001c0033d8                get_count
 .text.open_count
                0x000000001c003404       0x24 ls1x_latimer.o
                0x000000001c003404                open_count
 .text.start_count
                0x000000001c003428       0x48 ls1x_latimer.o
                0x000000001c003428                start_count
 .text.stop_count
                0x000000001c003470       0x88 ls1x_latimer.o
                0x000000001c003470                stop_count
 .text.delay_cycle
                0x000000001c0034f8       0x60 ls1x_latimer.o
                0x000000001c0034f8                delay_cycle
 .text.delay_ms
                0x000000001c003558       0x40 ls1x_latimer.o
                0x000000001c003558                delay_ms
 .text.memset   0x000000001c003598       0x60 ls1x_string.o
                0x000000001c003598                memset
 .text.pstrstr  0x000000001c0035f8       0xc8 ls1x_string.o
                0x000000001c0035f8                pstrstr
 .text.EXTI_ClearITPendingBit
                0x000000001c0036c0       0x3c ls1x_exti.o
                0x000000001c0036c0                EXTI_ClearITPendingBit
 .text.WDG_getOddValue
                0x000000001c0036fc       0x88 ls1x_wdg.o
 .text.WDG_SetWatchDog
                0x000000001c003784       0x8c ls1x_wdg.o
                0x000000001c003784                WDG_SetWatchDog
 .text.WDG_DogFeed
                0x000000001c003810       0x2c ls1x_wdg.o
                0x000000001c003810                WDG_DogFeed
 .text.WdgInit  0x000000001c00383c       0x30 ls1x_wdg.o
                0x000000001c00383c                WdgInit
 .text.Adc_powerOn
                0x000000001c00386c       0x54 ls1c102_adc.o
                0x000000001c00386c                Adc_powerOn
 .text.Adc_open
                0x000000001c0038c0       0xb0 ls1c102_adc.o
                0x000000001c0038c0                Adc_open
 .text.Adc_Measure
                0x000000001c003970       0xdc ls1c102_adc.o
                0x000000001c003970                Adc_Measure
 .text.TOUCH_GetBaseVal
                0x000000001c003a4c       0x4c ls1c102_touch.o
                0x000000001c003a4c                TOUCH_GetBaseVal
 .text.TOUCH_GetCountValue
                0x000000001c003a98       0x4c ls1c102_touch.o
                0x000000001c003a98                TOUCH_GetCountValue
 .text.Printf_KeyChannel
                0x000000001c003ae4       0x7c ls1c102_touch.o
                0x000000001c003ae4                Printf_KeyChannel
 .text.Printf_KeyType
                0x000000001c003b60       0x8c ls1c102_touch.o
                0x000000001c003b60                Printf_KeyType
 .text.Printf_KeyVal
                0x000000001c003bec      0x254 ls1c102_touch.o
                0x000000001c003bec                Printf_KeyVal
 .text.TIM_Init
                0x000000001c003e40       0xd8 ls1c102_ptimer.o
                0x000000001c003e40                TIM_Init
 .text.TIM_StructInit
                0x000000001c003f18       0x74 ls1c102_ptimer.o
                0x000000001c003f18                TIM_StructInit
 .text.timer_init
                0x000000001c003f8c       0x54 ls1c102_ptimer.o
                0x000000001c003f8c                timer_init
 .text.TIM_GetITStatus
                0x000000001c003fe0       0x4c ls1c102_ptimer.o
                0x000000001c003fe0                TIM_GetITStatus
 .text.TIM_ClearIT
                0x000000001c00402c       0x5c ls1c102_ptimer.o
                0x000000001c00402c                TIM_ClearIT
 .text.exti_gpioa0_irq_handler
                0x000000001c004088       0x4c 1c102_Interrupt.o
                0x000000001c004088                exti_gpioa0_irq_handler
 .text.exti_gpioa1_irq_handler
                0x000000001c0040d4       0x4c 1c102_Interrupt.o
                0x000000001c0040d4                exti_gpioa1_irq_handler
 .text.exti_gpioa2_irq_handler
                0x000000001c004120       0x4c 1c102_Interrupt.o
                0x000000001c004120                exti_gpioa2_irq_handler
 .text.exti_gpioa3_irq_handler
                0x000000001c00416c       0x4c 1c102_Interrupt.o
                0x000000001c00416c                exti_gpioa3_irq_handler
 .text.exti_gpioa4_irq_handler
                0x000000001c0041b8       0x4c 1c102_Interrupt.o
                0x000000001c0041b8                exti_gpioa4_irq_handler
 .text.exti_gpioa5_irq_handler
                0x000000001c004204       0x4c 1c102_Interrupt.o
                0x000000001c004204                exti_gpioa5_irq_handler
 .text.exti_gpioa6_irq_handler
                0x000000001c004250       0x4c 1c102_Interrupt.o
                0x000000001c004250                exti_gpioa6_irq_handler
 .text.exti_gpioa7_irq_handler
                0x000000001c00429c       0x4c 1c102_Interrupt.o
                0x000000001c00429c                exti_gpioa7_irq_handler
 .text.exti_gpiob0_irq_handler
                0x000000001c0042e8       0x4c 1c102_Interrupt.o
                0x000000001c0042e8                exti_gpiob0_irq_handler
 .text.exti_gpiob1_irq_handler
                0x000000001c004334       0x4c 1c102_Interrupt.o
                0x000000001c004334                exti_gpiob1_irq_handler
 .text.exti_gpiob2_irq_handler
                0x000000001c004380       0x4c 1c102_Interrupt.o
                0x000000001c004380                exti_gpiob2_irq_handler
 .text.exti_gpiob3_irq_handler
                0x000000001c0043cc       0x4c 1c102_Interrupt.o
                0x000000001c0043cc                exti_gpiob3_irq_handler
 .text.exti_gpiob4_irq_handler
                0x000000001c004418       0x4c 1c102_Interrupt.o
                0x000000001c004418                exti_gpiob4_irq_handler
 .text.exti_gpiob5_irq_handler
                0x000000001c004464       0x4c 1c102_Interrupt.o
                0x000000001c004464                exti_gpiob5_irq_handler
 .text.exti_gpiob6_irq_handler
                0x000000001c0044b0       0x4c 1c102_Interrupt.o
                0x000000001c0044b0                exti_gpiob6_irq_handler
 .text.exti_gpiob7_irq_handler
                0x000000001c0044fc       0x4c 1c102_Interrupt.o
                0x000000001c0044fc                exti_gpiob7_irq_handler
 .text.exti_gpioc0_irq_handler
                0x000000001c004548       0x4c 1c102_Interrupt.o
                0x000000001c004548                exti_gpioc0_irq_handler
 .text.exti_gpioc1_irq_handler
                0x000000001c004594       0x4c 1c102_Interrupt.o
                0x000000001c004594                exti_gpioc1_irq_handler
 .text.exti_gpioc2_irq_handler
                0x000000001c0045e0       0x4c 1c102_Interrupt.o
                0x000000001c0045e0                exti_gpioc2_irq_handler
 .text.exti_gpioc3_irq_handler
                0x000000001c00462c       0x4c 1c102_Interrupt.o
                0x000000001c00462c                exti_gpioc3_irq_handler
 .text.exti_gpioc4_irq_handler
                0x000000001c004678       0x4c 1c102_Interrupt.o
                0x000000001c004678                exti_gpioc4_irq_handler
 .text.exti_gpioc5_irq_handler
                0x000000001c0046c4       0x4c 1c102_Interrupt.o
                0x000000001c0046c4                exti_gpioc5_irq_handler
 .text.exti_gpioc6_irq_handler
                0x000000001c004710       0x4c 1c102_Interrupt.o
                0x000000001c004710                exti_gpioc6_irq_handler
 .text.exti_gpioc7_irq_handler
                0x000000001c00475c       0x4c 1c102_Interrupt.o
                0x000000001c00475c                exti_gpioc7_irq_handler
 .text.exti_gpiod0_irq_handler
                0x000000001c0047a8       0x4c 1c102_Interrupt.o
                0x000000001c0047a8                exti_gpiod0_irq_handler
 .text.exti_gpiod1_irq_handler
                0x000000001c0047f4       0x4c 1c102_Interrupt.o
                0x000000001c0047f4                exti_gpiod1_irq_handler
 .text.exti_gpiod2_irq_handler
                0x000000001c004840       0x4c 1c102_Interrupt.o
                0x000000001c004840                exti_gpiod2_irq_handler
 .text.exti_gpiod3_irq_handler
                0x000000001c00488c       0x4c 1c102_Interrupt.o
                0x000000001c00488c                exti_gpiod3_irq_handler
 .text.exti_gpiod4_irq_handler
                0x000000001c0048d8       0x4c 1c102_Interrupt.o
                0x000000001c0048d8                exti_gpiod4_irq_handler
 .text.exti_gpiod5_irq_handler
                0x000000001c004924       0x4c 1c102_Interrupt.o
                0x000000001c004924                exti_gpiod5_irq_handler
 .text.exti_gpiod6_irq_handler
                0x000000001c004970       0x4c 1c102_Interrupt.o
                0x000000001c004970                exti_gpiod6_irq_handler
 .text.exti_gpiod7_irq_handler
                0x000000001c0049bc       0x4c 1c102_Interrupt.o
                0x000000001c0049bc                exti_gpiod7_irq_handler
 .text.ext_handler
                0x000000001c004a08       0xb8 1c102_Interrupt.o
                0x000000001c004a08                ext_handler
 .text.TIMER_WAKE_INT
                0x000000001c004ac0       0x50 1c102_Interrupt.o
                0x000000001c004ac0                TIMER_WAKE_INT
 .text.TOUCH    0x000000001c004b10       0x94 1c102_Interrupt.o
                0x000000001c004b10                TOUCH
 .text.UART2_INT
                0x000000001c004ba4       0x3c 1c102_Interrupt.o
                0x000000001c004ba4                UART2_INT
 .text.BAT_FAIL
                0x000000001c004be0       0xd8 1c102_Interrupt.o
                0x000000001c004be0                BAT_FAIL
 .text.intc_handler
                0x000000001c004cb8      0x2e8 1c102_Interrupt.o
                0x000000001c004cb8                intc_handler
 .text.TIMER_HANDLER
                0x000000001c004fa0       0x38 1c102_Interrupt.o
                0x000000001c004fa0                TIMER_HANDLER
 .text.executer_init
                0x000000001c004fd8       0x4c executer.o
                0x000000001c004fd8                executer_init
 .text.executer_choose_run
                0x000000001c005024       0xfc executer.o
                0x000000001c005024                executer_choose_run
 .text.run_function_50ms
                0x000000001c005120       0x1c executer.o
                0x000000001c005120                run_function_50ms
 .text.run_function_100ms
                0x000000001c00513c       0x1c executer.o
                0x000000001c00513c                run_function_100ms
 .text.run_function_500ms
                0x000000001c005158       0x1c executer.o
                0x000000001c005158                run_function_500ms
 .text.run_function_10ms
                0x000000001c005174       0x1c executer.o
                0x000000001c005174                run_function_10ms
 .text.run_function_20ms
                0x000000001c005190       0x1c executer.o
                0x000000001c005190                run_function_20ms
 .text.run_function_1000ms
                0x000000001c0051ac       0x34 executer.o
                0x000000001c0051ac                run_function_1000ms
 .text.main     0x000000001c0051e0       0x24 1c102_main.o
                0x000000001c0051e0                main
 .text.tempareture_process_init
                0x000000001c005204       0x30 temperature_contrl.o
                0x000000001c005204                tempareture_process_init
 .text.tempareture_process
                0x000000001c005234       0x3c temperature_contrl.o
                0x000000001c005234                tempareture_process
 .text.Tempareture_System_Init
                0x000000001c005270      0x1bc temperature_contrl.o
                0x000000001c005270                Tempareture_System_Init
 .text.Tempareture_SHT10_Get
                0x000000001c00542c       0x9c temperature_contrl.o
                0x000000001c00542c                Tempareture_SHT10_Get
 .text.Tempareture_value_feedback
                0x000000001c0054c8       0x48 temperature_contrl.o
                0x000000001c0054c8                Tempareture_value_feedback
 .text.tempareture_type_Piont
                0x000000001c005510       0x24 temperature_contrl.o
                0x000000001c005510                tempareture_type_Piont
 .text.led_init
                0x000000001c005534       0x30 led_show.o
                0x000000001c005534                led_init
 .text.led_show
                0x000000001c005564       0x60 led_show.o
                0x000000001c005564                led_show
 .text.esp8266_check_cmd
                0x000000001c0055c4       0xcc esp8266.o
                0x000000001c0055c4                esp8266_check_cmd
 .text.esp8266_send_cmd
                0x000000001c005690       0xe4 esp8266.o
                0x000000001c005690                esp8266_send_cmd
 .text.esp8266_init
                0x000000001c005774      0x1b4 esp8266.o
                0x000000001c005774                esp8266_init
 .text.Queue_isEmpty
                0x000000001c005928       0x50 queue.o
                0x000000001c005928                Queue_isEmpty
 .text.Queue_HadUse
                0x000000001c005978       0x64 queue.o
                0x000000001c005978                Queue_HadUse
 .text.Queue_NoUse
                0x000000001c0059dc       0x6c queue.o
                0x000000001c0059dc                Queue_NoUse
 .text.Queue_Wirte
                0x000000001c005a48       0xdc queue.o
                0x000000001c005a48                Queue_Wirte
 .text.Queue_Read
                0x000000001c005b24       0xdc queue.o
                0x000000001c005b24                Queue_Read
 .text.Humidity_process_init
                0x000000001c005c00       0x30 soil_hum.o
                0x000000001c005c00                Humidity_process_init
 .text.Humidity_process
                0x000000001c005c30       0x48 soil_hum.o
                0x000000001c005c30                Humidity_process
 .text.Humidity_System_Init
                0x000000001c005c78       0x78 soil_hum.o
                0x000000001c005c78                Humidity_System_Init
 .text.Humidity_SHT10_Get
                0x000000001c005cf0      0x204 soil_hum.o
                0x000000001c005cf0                Humidity_SHT10_Get
 .text.Humidity_value_feedback
                0x000000001c005ef4       0x6c soil_hum.o
                0x000000001c005ef4                Humidity_value_feedback
 .text.humidity_type_Piont
                0x000000001c005f60       0x24 soil_hum.o
                0x000000001c005f60                humidity_type_Piont
 .text.getModbusCRC16
                0x000000001c005f84      0x108 Modbus_rtu.o
                0x000000001c005f84                getModbusCRC16
 .text.Temp_Hum_Data_Piont
                0x000000001c00608c       0x24 Modbus_rtu.o
                0x000000001c00608c                Temp_Hum_Data_Piont
 .text.PWM_485_Data_Piont
                0x000000001c0060b0       0x24 Modbus_rtu.o
                0x000000001c0060b0                PWM_485_Data_Piont
 .text.mqtt_process_init
                0x000000001c0060d4       0x30 mqtt_esp.o
                0x000000001c0060d4                mqtt_process_init
 .text.mqtt_process
                0x000000001c006104       0x1c mqtt_esp.o
                0x000000001c006104                mqtt_process
 .text.Mqtt_System_Init
                0x000000001c006120       0x4c mqtt_esp.o
                0x000000001c006120                Mqtt_System_Init
                0x000000001c00616c                . = ALIGN (0x4)
                0x000000001c00616c                _etext = .

.rodata         0x000000001c006180      0xec8
                0x000000001c006180                . = ALIGN (0x4)
 *(.rodata .rodata.*)
 .rodata        0x000000001c006180       0x1a serial.o
                0x000000001c006180                msg_wakeup
 *fill*         0x000000001c00619a        0x2 
 .rodata        0x000000001c00619c       0x38 init.o
 .rodata.myprintf
                0x000000001c0061d4      0x150 ls1x_printf.o
 .rodata.myprintf2
                0x000000001c006324      0x150 ls1x_printf.o
 .rodata        0x000000001c006474      0x387 ls1x_logo.o
 *fill*         0x000000001c0067fb        0x1 
 .rodata        0x000000001c0067fc       0x8d ls1c102_touch.o
 *fill*         0x000000001c006889        0x3 
 .rodata        0x000000001c00688c       0xaf 1c102_Interrupt.o
 *fill*         0x000000001c00693b        0x1 
 .rodata.Ext_IrqHandle
                0x000000001c00693c       0x80 1c102_Interrupt.o
                0x000000001c00693c                Ext_IrqHandle
 .rodata.BAT_FAIL
                0x000000001c0069bc       0x44 1c102_Interrupt.o
 .rodata.__FUNCTION__.1673
                0x000000001c006a00       0x18 1c102_Interrupt.o
 .rodata.__FUNCTION__.1677
                0x000000001c006a18       0x18 1c102_Interrupt.o
 .rodata.__FUNCTION__.1681
                0x000000001c006a30       0x18 1c102_Interrupt.o
 .rodata.__FUNCTION__.1685
                0x000000001c006a48       0x18 1c102_Interrupt.o
 .rodata.__FUNCTION__.1689
                0x000000001c006a60       0x18 1c102_Interrupt.o
 .rodata.__FUNCTION__.1693
                0x000000001c006a78       0x18 1c102_Interrupt.o
 .rodata.__FUNCTION__.1697
                0x000000001c006a90       0x18 1c102_Interrupt.o
 .rodata.__FUNCTION__.1701
                0x000000001c006aa8       0x18 1c102_Interrupt.o
 .rodata.__FUNCTION__.1705
                0x000000001c006ac0       0x18 1c102_Interrupt.o
 .rodata.__FUNCTION__.1709
                0x000000001c006ad8       0x18 1c102_Interrupt.o
 .rodata.__FUNCTION__.1713
                0x000000001c006af0       0x18 1c102_Interrupt.o
 .rodata.__FUNCTION__.1717
                0x000000001c006b08       0x18 1c102_Interrupt.o
 .rodata.__FUNCTION__.1721
                0x000000001c006b20       0x18 1c102_Interrupt.o
 .rodata.__FUNCTION__.1725
                0x000000001c006b38       0x18 1c102_Interrupt.o
 .rodata.__FUNCTION__.1729
                0x000000001c006b50       0x18 1c102_Interrupt.o
 .rodata.__FUNCTION__.1733
                0x000000001c006b68       0x18 1c102_Interrupt.o
 .rodata.__FUNCTION__.1737
                0x000000001c006b80       0x18 1c102_Interrupt.o
 .rodata.__FUNCTION__.1741
                0x000000001c006b98       0x18 1c102_Interrupt.o
 .rodata.__FUNCTION__.1745
                0x000000001c006bb0       0x18 1c102_Interrupt.o
 .rodata.__FUNCTION__.1749
                0x000000001c006bc8       0x18 1c102_Interrupt.o
 .rodata.__FUNCTION__.1753
                0x000000001c006be0       0x18 1c102_Interrupt.o
 .rodata.__FUNCTION__.1757
                0x000000001c006bf8       0x18 1c102_Interrupt.o
 .rodata.__FUNCTION__.1761
                0x000000001c006c10       0x18 1c102_Interrupt.o
 .rodata.__FUNCTION__.1765
                0x000000001c006c28       0x18 1c102_Interrupt.o
 .rodata.__FUNCTION__.1769
                0x000000001c006c40       0x18 1c102_Interrupt.o
 .rodata.__FUNCTION__.1773
                0x000000001c006c58       0x18 1c102_Interrupt.o
 .rodata.__FUNCTION__.1777
                0x000000001c006c70       0x18 1c102_Interrupt.o
 .rodata.__FUNCTION__.1781
                0x000000001c006c88       0x18 1c102_Interrupt.o
 .rodata.__FUNCTION__.1785
                0x000000001c006ca0       0x18 1c102_Interrupt.o
 .rodata.__FUNCTION__.1789
                0x000000001c006cb8       0x18 1c102_Interrupt.o
 .rodata.__FUNCTION__.1793
                0x000000001c006cd0       0x18 1c102_Interrupt.o
 .rodata.__FUNCTION__.1797
                0x000000001c006ce8       0x18 1c102_Interrupt.o
 .rodata        0x000000001c006d00        0xb temperature_contrl.o
 *fill*         0x000000001c006d0b        0x1 
 .rodata        0x000000001c006d0c      0x339 esp8266.o
                0x000000001c007048                . = ALIGN (0x4)
 *fill*         0x000000001c007045        0x3 
                0x000000001c007048                _sidata = ALIGN (., 0x4)
                0x000000001c007048                . = ALIGN (0x4)

.rela.dyn       0x000000001c007048        0x0
 .rela.got      0x000000001c007048        0x0 start.o
 .rela.rodata.myprintf
                0x000000001c007048        0x0 start.o
 .rela.rodata.myprintf2
                0x000000001c007048        0x0 start.o
 .rela.rodata.Ext_IrqHandle
                0x000000001c007048        0x0 start.o
 .rela.rodata.BAT_FAIL
                0x000000001c007048        0x0 start.o

.data           0x0000000080001000       0x54 load address 0x000000001c007048
                0x0000000080001000                _sdata = .
                0x0000000080001000                . = ALIGN (0x4)
 *(.got.plt)
 .got.plt       0x0000000080001000        0x0 start.o
                0x0000000080001000                . = ALIGN (0x4)
 *(.got)
 .got           0x0000000080001000       0x48 start.o
                0x0000000080001000                _GLOBAL_OFFSET_TABLE_
                0x0000000080001048                . = ALIGN (0x4)
 *(.data .data.*)
 .data.g_SystemFreq
                0x0000000080001048        0x4 ls1x_clock.o
                0x0000000080001048                g_SystemFreq
 .data.tx_data  0x000000008000104c        0x8 temperature_contrl.o
                0x000000008000104c                tx_data
                0x0000000080001054                . = ALIGN (0x4)
                0x0000000080001054                _edata = .

.bss            0x0000000080000000      0x46c
                0x0000000080000000                _sbss = .
                0x0000000080000000                . = ALIGN (0x4)
 *(.sbss)
                0x0000000080000000                . = ALIGN (0x4)
 *(.bss .bss.*)
 .bss.count_10ms
                0x0000000080000000        0x1 1c102_Interrupt.o
                0x0000000080000000                count_10ms
 *fill*         0x0000000080000001        0x3 
 .bss.flag_10ms
                0x0000000080000004        0x4 1c102_Interrupt.o
                0x0000000080000004                flag_10ms
 .bss.count_20ms
                0x0000000080000008        0x1 1c102_Interrupt.o
                0x0000000080000008                count_20ms
 *fill*         0x0000000080000009        0x3 
 .bss.flag_20ms
                0x000000008000000c        0x4 1c102_Interrupt.o
                0x000000008000000c                flag_20ms
 .bss.count_50ms
                0x0000000080000010        0x1 1c102_Interrupt.o
                0x0000000080000010                count_50ms
 *fill*         0x0000000080000011        0x3 
 .bss.flag_50ms
                0x0000000080000014        0x4 1c102_Interrupt.o
                0x0000000080000014                flag_50ms
 .bss.count_100ms
                0x0000000080000018        0x1 1c102_Interrupt.o
                0x0000000080000018                count_100ms
 *fill*         0x0000000080000019        0x3 
 .bss.flag_100ms
                0x000000008000001c        0x4 1c102_Interrupt.o
                0x000000008000001c                flag_100ms
 .bss.count_500ms
                0x0000000080000020        0x1 1c102_Interrupt.o
                0x0000000080000020                count_500ms
 *fill*         0x0000000080000021        0x3 
 .bss.flag_500ms
                0x0000000080000024        0x4 1c102_Interrupt.o
                0x0000000080000024                flag_500ms
 .bss.count_1000ms
                0x0000000080000028        0x1 1c102_Interrupt.o
                0x0000000080000028                count_1000ms
 *fill*         0x0000000080000029        0x3 
 .bss.flag_1000ms
                0x000000008000002c        0x4 1c102_Interrupt.o
                0x000000008000002c                flag_1000ms
 .bss.receive_data_uart0.1861
                0x0000000080000030        0x1 1c102_Interrupt.o
 .bss.temp      0x0000000080000031        0x1 led_show.o
                0x0000000080000031                temp
                0x0000000080000034                . = ALIGN (0x4)
 *fill*         0x0000000080000032        0x2 
 *(.scommon)
                0x0000000080000034                . = ALIGN (0x4)
 *(COMMON)
 COMMON         0x0000000080000034       0x3c temperature_contrl.o
                0x0000000080000034                tempareture_type
 COMMON         0x0000000080000070      0x130 esp8266.o
                0x0000000080000070                Read_length
                0x0000000080000074                Read_Buffer
 COMMON         0x00000000800001a0      0x260 queue.o
                0x00000000800001a0                Circular_queue_recv
                0x00000000800002d0                Circular_queue_send
 COMMON         0x0000000080000400       0x18 soil_hum.o
                0x0000000080000400                humidity_type
 COMMON         0x0000000080000418       0x32 Modbus_rtu.o
                0x0000000080000418                Serial_TxPacket
                0x0000000080000420                Serial_RxFlag
                0x0000000080000421                Serial_TxFlag
                0x0000000080000424                Temp_Hum
                0x0000000080000434                Serial_RxPacket
                0x0000000080000440                PWM_485_Data
 *fill*         0x000000008000044a        0x2 
 COMMON         0x000000008000044c       0x20 mqtt_esp.o
                0x000000008000044c                mqtt_esp_type
                0x000000008000046c                . = ALIGN (0x4)
                0x000000008000046c                _ebss = .
LOAD start.o
LOAD serial.o
LOAD wakeup.o
LOAD UserGpio.o
LOAD init.o
LOAD ls1x_gpio.o
LOAD ls1x_spi.o
LOAD ls1x_printf.o
LOAD ls1x_uart.o
LOAD ls1x_clock.o
LOAD ls1x_common.o
LOAD ls1x_pmu.o
LOAD ls1x_logo.o
LOAD ls1x_latimer.o
LOAD ls1x_string.o
LOAD ls1x_flash.o
LOAD ls1x_rtc.o
LOAD ls1x_exti.o
LOAD ls1x_wdg.o
LOAD ls1c102_i2c.o
LOAD ls1c102_vpwm.o
LOAD ls1c102_adc.o
LOAD ls1c102_touch.o
LOAD ls1c102_ptimer.o
LOAD 1c102_cmdline.o
LOAD 1c102_cmd.o
LOAD 1c102_Interrupt.o
LOAD executer.o
LOAD 1c102_main.o
LOAD temperature_contrl.o
LOAD led_show.o
LOAD cJSON.o
LOAD pid.o
LOAD esp8266.o
LOAD queue.o
LOAD soil_hum.o
LOAD Modbus_rtu.o
LOAD mqtt_esp.o
OUTPUT(1c102_demo.elf elf32-loongarch)

.comment        0x0000000000000000       0x11
 .comment       0x0000000000000000       0x11 UserGpio.o
                                         0x12 (size before relaxing)
 .comment       0x0000000000000011       0x12 init.o
 .comment       0x0000000000000011       0x12 ls1x_gpio.o
 .comment       0x0000000000000011       0x12 ls1x_printf.o
 .comment       0x0000000000000011       0x12 ls1x_uart.o
 .comment       0x0000000000000011       0x12 ls1x_clock.o
 .comment       0x0000000000000011       0x12 ls1x_common.o
 .comment       0x0000000000000011       0x12 ls1x_pmu.o
 .comment       0x0000000000000011       0x12 ls1x_logo.o
 .comment       0x0000000000000011       0x12 ls1x_latimer.o
 .comment       0x0000000000000011       0x12 ls1x_string.o
 .comment       0x0000000000000011       0x12 ls1x_exti.o
 .comment       0x0000000000000011       0x12 ls1x_wdg.o
 .comment       0x0000000000000011       0x12 ls1c102_adc.o
 .comment       0x0000000000000011       0x12 ls1c102_touch.o
 .comment       0x0000000000000011       0x12 ls1c102_ptimer.o
 .comment       0x0000000000000011       0x12 1c102_Interrupt.o
 .comment       0x0000000000000011       0x12 executer.o
 .comment       0x0000000000000011       0x12 1c102_main.o
 .comment       0x0000000000000011       0x12 temperature_contrl.o
 .comment       0x0000000000000011       0x12 led_show.o
 .comment       0x0000000000000011       0x12 esp8266.o
 .comment       0x0000000000000011       0x12 queue.o
 .comment       0x0000000000000011       0x12 soil_hum.o
 .comment       0x0000000000000011       0x12 Modbus_rtu.o
 .comment       0x0000000000000011       0x12 mqtt_esp.o
