
Allocating common symbols
Common symbol       size              file

mqtt_esp_type       0x2c              mqtt_esp.o
Read_length         0x1               esp8266.o
send_package        0x12c             mqtt_esp.o
send_contrl         0x7               mqtt_esp.o
uart_rec            0xa               init.o
nmi_caller          0x4               1c102_cmdline.o
exti_irq_handle     0x80              1c102_Interrupt.o
STS                 0x1               ls1c102_i2c.o
mqtt_data           0x4               cJSON.o
Circular_queue_asrpro
                    0x130             queue.o
uart_rec_len        0x1               init.o
_rand_next          0x4               ls1x_printf.o
Flash_pe            0x1               ls1x_flash.o
Circular_queue_send
                    0x130             queue.o
send_len            0x1               mqtt_esp.o
Read_Buffer         0x12c             esp8266.o

Discarded input sections

 .text          0x0000000000000000       0x14 start.o
 .data          0x0000000000000000        0x0 start.o
 .bss           0x0000000000000000        0x0 start.o
 .data          0x0000000000000000        0x0 serial.o
 .bss           0x0000000000000000        0x0 serial.o
 .data          0x0000000000000000        0x0 wakeup.o
 .bss           0x0000000000000000        0x0 wakeup.o
 .text          0x0000000000000000        0x0 UserGpio.o
 .data          0x0000000000000000        0x0 UserGpio.o
 .bss           0x0000000000000000        0x0 UserGpio.o
 .eh_frame      0x0000000000000000       0x3c UserGpio.o
 .text          0x0000000000000000        0x0 init.o
 .data          0x0000000000000000        0x0 init.o
 .bss           0x0000000000000000        0x0 init.o
 .eh_frame      0x0000000000000000       0x3c init.o
 COMMON         0x0000000000000000        0xb init.o
 .text          0x0000000000000000        0x0 ls1x_gpio.o
 .data          0x0000000000000000        0x0 ls1x_gpio.o
 .bss           0x0000000000000000        0x0 ls1x_gpio.o
 .text.GPIO_Init
                0x0000000000000000       0x68 ls1x_gpio.o
 .text.gpio_get_pin
                0x0000000000000000       0x50 ls1x_gpio.o
 .text.gpio_set_direction
                0x0000000000000000      0x128 ls1x_gpio.o
 .text.gpio_set_InputStatus
                0x0000000000000000      0x128 ls1x_gpio.o
 .eh_frame      0x0000000000000000      0x110 ls1x_gpio.o
 .text          0x0000000000000000        0x0 ls1x_spi.o
 .data          0x0000000000000000        0x0 ls1x_spi.o
 .bss           0x0000000000000000        0x0 ls1x_spi.o
 .rodata        0x0000000000000000       0x42 ls1x_spi.o
 .text.Spi_FreqDiv
                0x0000000000000000      0x140 ls1x_spi.o
 .text.Spi_Init
                0x0000000000000000       0x70 ls1x_spi.o
 .text.Spi_Write_Read_1to4
                0x0000000000000000       0xf0 ls1x_spi.o
 .text.Spi_Write_Read_N
                0x0000000000000000      0x124 ls1x_spi.o
 .text.Spi_Cs_Down
                0x0000000000000000       0x58 ls1x_spi.o
 .text.Spi_Cs_Up
                0x0000000000000000       0x54 ls1x_spi.o
 .text.Spi_Send
                0x0000000000000000       0x40 ls1x_spi.o
 .text.Spiflash_Rdsr
                0x0000000000000000       0x4c ls1x_spi.o
 .text.Spiflash_Wait_Wip_Zero
                0x0000000000000000       0x38 ls1x_spi.o
 .text.Spiflash_Wren
                0x0000000000000000       0x4c ls1x_spi.o
 .text.Spiflash_Wrsr
                0x0000000000000000       0x5c ls1x_spi.o
 .text.Spiflash_Rdsr2
                0x0000000000000000       0x4c ls1x_spi.o
 .text.Spiflash_Rdsr3
                0x0000000000000000       0x4c ls1x_spi.o
 .text.Spiflash_Rdid
                0x0000000000000000       0x68 ls1x_spi.o
 .text.Spiflash_Sector_Erase
                0x0000000000000000       0x90 ls1x_spi.o
 .text.Spiflash_Block64k_Erase
                0x0000000000000000       0x90 ls1x_spi.o
 .text.Spiflash_Page_Program
                0x0000000000000000       0xa4 ls1x_spi.o
 .text.Spiflash_Read_Bytes
                0x0000000000000000       0x9c ls1x_spi.o
 .text.SPI_TransByte
                0x0000000000000000       0xe8 ls1x_spi.o
 .text.SpiFlashCsn0Enable
                0x0000000000000000       0x28 ls1x_spi.o
 .text.SpiFlashCsn0Disable
                0x0000000000000000       0x28 ls1x_spi.o
 .comment       0x0000000000000000       0x12 ls1x_spi.o
 .eh_frame      0x0000000000000000      0x320 ls1x_spi.o
 .text          0x0000000000000000        0x0 ls1x_printf.o
 .data          0x0000000000000000        0x0 ls1x_printf.o
 .bss           0x0000000000000000        0x0 ls1x_printf.o
 .rodata        0x0000000000000000        0x7 ls1x_printf.o
 .text.printBuf
                0x0000000000000000       0x78 ls1x_printf.o
 .text.mygetchar
                0x0000000000000000       0x38 ls1x_printf.o
 .text.vsputs   0x0000000000000000       0x54 ls1x_printf.o
 .text.vsputchar
                0x0000000000000000       0x44 ls1x_printf.o
 .text.vsprintbase
                0x0000000000000000      0x17c ls1x_printf.o
 .text.vsprintf
                0x0000000000000000      0x3d8 ls1x_printf.o
 .rodata.vsprintf
                0x0000000000000000      0x150 ls1x_printf.o
 .text.sprintf  0x0000000000000000       0x6c ls1x_printf.o
 .text.rand     0x0000000000000000       0x5c ls1x_printf.o
 .eh_frame      0x0000000000000000      0x27c ls1x_printf.o
 COMMON         0x0000000000000000        0x4 ls1x_printf.o
 .text          0x0000000000000000        0x0 ls1x_uart.o
 .data          0x0000000000000000        0x0 ls1x_uart.o
 .bss           0x0000000000000000        0x0 ls1x_uart.o
 .text.Uart_init
                0x0000000000000000       0xa4 ls1x_uart.o
 .text.UART_GetFlagStatus
                0x0000000000000000       0x64 ls1x_uart.o
 .text.UART_GetITStatus
                0x0000000000000000       0x60 ls1x_uart.o
 .text.UART_ClearITPendingBit
                0x0000000000000000       0xa4 ls1x_uart.o
 .text.x_getchar
                0x0000000000000000       0x2c ls1x_uart.o
 .text.UartInit
                0x0000000000000000       0x6c ls1x_uart.o
 .text.Uart1_init_test
                0x0000000000000000       0x80 ls1x_uart.o
 .eh_frame      0x0000000000000000      0x2a4 ls1x_uart.o
 .text          0x0000000000000000        0x0 ls1x_clock.o
 .data          0x0000000000000000        0x0 ls1x_clock.o
 .bss           0x0000000000000000        0x0 ls1x_clock.o
 .text.CLOCK_checkSelect
                0x0000000000000000       0xc0 ls1x_clock.o
 .text.CLOCK_GetFlagStatus
                0x0000000000000000       0x3c ls1x_clock.o
 .text.CLOCK_GetClocksFreq
                0x0000000000000000       0x6c ls1x_clock.o
 .eh_frame      0x0000000000000000      0x18c ls1x_clock.o
 .text          0x0000000000000000        0x0 ls1x_common.o
 .data          0x0000000000000000        0x0 ls1x_common.o
 .bss           0x0000000000000000        0x0 ls1x_common.o
 .text.IsGlobalIntOpen
                0x0000000000000000       0x38 ls1x_common.o
 .text.DisableExtInt
                0x0000000000000000       0x40 ls1x_common.o
 .text.EnableExtInt
                0x0000000000000000       0x3c ls1x_common.o
 .text.Set_soft_int
                0x0000000000000000       0x24 ls1x_common.o
 .text.Set_soft_stop
                0x0000000000000000       0x24 ls1x_common.o
 .text.Set_Timer_Init
                0x0000000000000000       0x30 ls1x_common.o
 .text.Wake_256sec_Set
                0x0000000000000000       0xa8 ls1x_common.o
 .eh_frame      0x0000000000000000      0x19c ls1x_common.o
 .text          0x0000000000000000        0x0 ls1x_pmu.o
 .data          0x0000000000000000        0x0 ls1x_pmu.o
 .bss           0x0000000000000000        0x0 ls1x_pmu.o
 .eh_frame      0x0000000000000000       0x58 ls1x_pmu.o
 .text          0x0000000000000000        0x0 ls1x_logo.o
 .data          0x0000000000000000        0x0 ls1x_logo.o
 .bss           0x0000000000000000        0x0 ls1x_logo.o
 .eh_frame      0x0000000000000000       0x3c ls1x_logo.o
 .text          0x0000000000000000        0x0 ls1x_latimer.o
 .data          0x0000000000000000        0x0 ls1x_latimer.o
 .bss           0x0000000000000000        0x0 ls1x_latimer.o
 .text.close_count
                0x0000000000000000       0x24 ls1x_latimer.o
 .text.delay_us
                0x0000000000000000       0x38 ls1x_latimer.o
 .text.delay_s  0x0000000000000000       0x3c ls1x_latimer.o
 .text.SetTime  0x0000000000000000       0x54 ls1x_latimer.o
 .text.CompareTime
                0x0000000000000000       0x50 ls1x_latimer.o
 .eh_frame      0x0000000000000000      0x19c ls1x_latimer.o
 .text          0x0000000000000000        0x0 ls1x_string.o
 .data          0x0000000000000000        0x0 ls1x_string.o
 .bss           0x0000000000000000        0x0 ls1x_string.o
 .text.memcmp   0x0000000000000000       0x88 ls1x_string.o
 .text.memcpy   0x0000000000000000       0x70 ls1x_string.o
 .text.strstr   0x0000000000000000       0xe0 ls1x_string.o
 .text.strchr   0x0000000000000000       0x80 ls1x_string.o
 .text.atoi     0x0000000000000000       0xe4 ls1x_string.o
 .text.strcmp   0x0000000000000000       0x84 ls1x_string.o
 .text.strncmp  0x0000000000000000       0xa0 ls1x_string.o
 .text.strcpy   0x0000000000000000       0x5c ls1x_string.o
 .text.isContained
                0x0000000000000000       0x78 ls1x_string.o
 .text.strtok_r
                0x0000000000000000      0x1d4 ls1x_string.o
 .text.str_to_hex
                0x0000000000000000       0xf4 ls1x_string.o
 .text.atohex   0x0000000000000000      0x164 ls1x_string.o
 .eh_frame      0x0000000000000000      0x27c ls1x_string.o
 .text          0x0000000000000000        0x0 ls1x_flash.o
 .data          0x0000000000000000        0x0 ls1x_flash.o
 .bss           0x0000000000000000        0x0 ls1x_flash.o
 .text.FLASH_ErasePage
                0x0000000000000000       0x50 ls1x_flash.o
 .text.FLASH_EraseUserFlash
                0x0000000000000000       0x9c ls1x_flash.o
 .text.FLASH_ReadPage
                0x0000000000000000       0xa4 ls1x_flash.o
 .text.FLASH_WitePage
                0x0000000000000000      0x48c ls1x_flash.o
 .text.ls1c_flash_write2
                0x0000000000000000      0x17c ls1x_flash.o
 .text.ls1c_flash_write_data
                0x0000000000000000      0x144 ls1x_flash.o
 .text.FLASH_WaitForPeEnd
                0x0000000000000000       0x80 ls1x_flash.o
 .text.FLASH_GetStatus
                0x0000000000000000       0x34 ls1x_flash.o
 .text.FLASH_GetFlagStatus
                0x0000000000000000       0x4c ls1x_flash.o
 .text.FLASH_ITConfig
                0x0000000000000000       0x64 ls1x_flash.o
 .text.FLASH_ITCmd
                0x0000000000000000       0x68 ls1x_flash.o
 .text.FLASH_ClearIT
                0x0000000000000000       0x50 ls1x_flash.o
 .text.FLASH_WiteTest
                0x0000000000000000       0xa4 ls1x_flash.o
 .rodata        0x0000000000000000        0xa ls1x_flash.o
 .text.FLASH_ReadTest
                0x0000000000000000       0xc0 ls1x_flash.o
 .comment       0x0000000000000000       0x12 ls1x_flash.o
 .eh_frame      0x0000000000000000      0x21c ls1x_flash.o
 COMMON         0x0000000000000000        0x1 ls1x_flash.o
 .text          0x0000000000000000        0x0 ls1x_rtc.o
 .data          0x0000000000000000        0x0 ls1x_rtc.o
 .bss           0x0000000000000000        0x0 ls1x_rtc.o
 .text.Rtc_Read
                0x0000000000000000       0xec ls1x_rtc.o
 .text.Rtc_Write
                0x0000000000000000      0x16c ls1x_rtc.o
 .text.RtcUpdateData
                0x0000000000000000       0x4c ls1x_rtc.o
 .comment       0x0000000000000000       0x12 ls1x_rtc.o
 .eh_frame      0x0000000000000000       0x80 ls1x_rtc.o
 .text          0x0000000000000000        0x0 ls1x_exti.o
 .data          0x0000000000000000        0x0 ls1x_exti.o
 .bss           0x0000000000000000        0x0 ls1x_exti.o
 .text.EXTI_DeInit
                0x0000000000000000       0x40 ls1x_exti.o
 .text.EXTI_Init
                0x0000000000000000      0x188 ls1x_exti.o
 .text.EXTI_StructInit
                0x0000000000000000       0x44 ls1x_exti.o
 .text.EXTI_GetFlagStatus
                0x0000000000000000       0x50 ls1x_exti.o
 .text.EXTI_ClearFlag
                0x0000000000000000       0x3c ls1x_exti.o
 .text.EXTI_GetITStatus
                0x0000000000000000       0x70 ls1x_exti.o
 .eh_frame      0x0000000000000000       0xfc ls1x_exti.o
 .text          0x0000000000000000        0x0 ls1x_wdg.o
 .data          0x0000000000000000        0x0 ls1x_wdg.o
 .bss           0x0000000000000000        0x0 ls1x_wdg.o
 .eh_frame      0x0000000000000000       0xa4 ls1x_wdg.o
 .text          0x0000000000000000        0x0 ls1c102_i2c.o
 .data          0x0000000000000000        0x0 ls1c102_i2c.o
 .bss           0x0000000000000000        0x0 ls1c102_i2c.o
 .text.I2C_delay_my
                0x0000000000000000       0x3c ls1c102_i2c.o
 .text.I2C_Init
                0x0000000000000000      0x104 ls1c102_i2c.o
 .text.I2C_StructInit
                0x0000000000000000       0x5c ls1c102_i2c.o
 .text.I2C_ITConfig
                0x0000000000000000       0x6c ls1c102_i2c.o
 .text.I2C_ITCmd
                0x0000000000000000       0x90 ls1c102_i2c.o
 .text.I2C_GenerateSTART
                0x0000000000000000       0x7c ls1c102_i2c.o
 .text.I2C_GenerateSTOP
                0x0000000000000000       0x7c ls1c102_i2c.o
 .text.I2C_AcknowledgeConfig
                0x0000000000000000       0x6c ls1c102_i2c.o
 .text.I2C_SendData
                0x0000000000000000       0x50 ls1c102_i2c.o
 .text.I2C_ReceiveData
                0x0000000000000000       0x60 ls1c102_i2c.o
 .rodata        0x0000000000000000       0xaf ls1c102_i2c.o
 .text.I2C_Send7bitAddress
                0x0000000000000000       0xac ls1c102_i2c.o
 .text.I2C_ReadRegister
                0x0000000000000000       0x50 ls1c102_i2c.o
 .text.I2C_ClearFlag
                0x0000000000000000       0x48 ls1c102_i2c.o
 .text.I2C_GetStatus
                0x0000000000000000       0x5c ls1c102_i2c.o
 .text.I2C_ClearIT
                0x0000000000000000       0x50 ls1c102_i2c.o
 .text.I2C_wait
                0x0000000000000000       0x48 ls1c102_i2c.o
 .text.I2C_BUSY
                0x0000000000000000       0x48 ls1c102_i2c.o
 .text.I2C_Unlock
                0x0000000000000000       0x54 ls1c102_i2c.o
 .text.CAT24_Write
                0x0000000000000000      0x15c ls1c102_i2c.o
 .text.CAT24_Read
                0x0000000000000000      0x160 ls1c102_i2c.o
 .text.CAT24_Write_Int
                0x0000000000000000      0x140 ls1c102_i2c.o
 .text.CAT24_Read_Int
                0x0000000000000000      0x16c ls1c102_i2c.o
 .comment       0x0000000000000000       0x12 ls1c102_i2c.o
 .eh_frame      0x0000000000000000      0x338 ls1c102_i2c.o
 COMMON         0x0000000000000000        0x1 ls1c102_i2c.o
 .text          0x0000000000000000        0x0 ls1c102_vpwm.o
 .data          0x0000000000000000        0x0 ls1c102_vpwm.o
 .bss           0x0000000000000000        0x0 ls1c102_vpwm.o
 .comment       0x0000000000000000       0x12 ls1c102_vpwm.o
 .text          0x0000000000000000        0x0 ls1c102_adc.o
 .data          0x0000000000000000        0x0 ls1c102_adc.o
 .bss           0x0000000000000000        0x0 ls1c102_adc.o
 .text.Adc_powerOn
                0x0000000000000000       0x54 ls1c102_adc.o
 .text.Adc_powerOff
                0x0000000000000000       0x50 ls1c102_adc.o
 .text.Adc_open
                0x0000000000000000       0xb0 ls1c102_adc.o
 .text.Adc_close
                0x0000000000000000       0xe4 ls1c102_adc.o
 .text.Adc_openGroup
                0x0000000000000000       0xa0 ls1c102_adc.o
 .text.Adc_closeGroup
                0x0000000000000000       0xd4 ls1c102_adc.o
 .text.Adc_singleMeasure
                0x0000000000000000       0x90 ls1c102_adc.o
 .text.Adc_Measure
                0x0000000000000000       0xdc ls1c102_adc.o
 .text.Adc_getVoltage
                0x0000000000000000       0x68 ls1c102_adc.o
 .comment       0x0000000000000000       0x12 ls1c102_adc.o
 .eh_frame      0x0000000000000000      0x170 ls1c102_adc.o
 .text          0x0000000000000000        0x0 ls1c102_touch.o
 .data          0x0000000000000000        0x0 ls1c102_touch.o
 .bss           0x0000000000000000        0x0 ls1c102_touch.o
 .text.Touch_CountBaseInit
                0x0000000000000000       0x90 ls1c102_touch.o
 .text.Touch_PerformInit
                0x0000000000000000       0x88 ls1c102_touch.o
 .text.Touch_ControlConfig
                0x0000000000000000       0xc8 ls1c102_touch.o
 .text.TOUCH_Cmd
                0x0000000000000000       0x68 ls1c102_touch.o
 .text.TOUCH_EnablePollScan
                0x0000000000000000       0x30 ls1c102_touch.o
 .text.TOUCH_disablePollScan
                0x0000000000000000       0x34 ls1c102_touch.o
 .text.TOUCH_EnableSingleScan
                0x0000000000000000       0x30 ls1c102_touch.o
 .text.TOUCH_GetDownTh
                0x0000000000000000       0x48 ls1c102_touch.o
 .text.TOUCH_SetDownTh
                0x0000000000000000       0x7c ls1c102_touch.o
 .text.TOUCH_SetBaseVal
                0x0000000000000000       0x7c ls1c102_touch.o
 .text.TOUCH_SetChnAttr
                0x0000000000000000       0x7c ls1c102_touch.o
 .text.TOUCH_SetAllChnAttr
                0x0000000000000000       0x64 ls1c102_touch.o
 .text.TOUCH_SetAllChnAttr2
                0x0000000000000000       0x90 ls1c102_touch.o
 .text.TOUCH_Init
                0x0000000000000000       0xfc ls1c102_touch.o
 .eh_frame      0x0000000000000000      0x2bc ls1c102_touch.o
 .text          0x0000000000000000        0x0 ls1c102_ptimer.o
 .data          0x0000000000000000        0x0 ls1c102_ptimer.o
 .bss           0x0000000000000000        0x0 ls1c102_ptimer.o
 .text.TIM_Cmd  0x0000000000000000       0x54 ls1c102_ptimer.o
 .text.TIM_ITConfig
                0x0000000000000000       0x90 ls1c102_ptimer.o
 .text.TIM_GetCounter
                0x0000000000000000       0x34 ls1c102_ptimer.o
 .text.TIM_SetCounter
                0x0000000000000000       0x30 ls1c102_ptimer.o
 .text.TIM_SetCompare
                0x0000000000000000       0x30 ls1c102_ptimer.o
 .text.TIM_GetCompare
                0x0000000000000000       0x34 ls1c102_ptimer.o
 .eh_frame      0x0000000000000000      0x18c ls1c102_ptimer.o
 .text          0x0000000000000000        0x0 1c102_cmdline.o
 .data          0x0000000000000000        0x0 1c102_cmdline.o
 .bss           0x0000000000000000        0x0 1c102_cmdline.o
 .rodata        0x0000000000000000      0x3a8 1c102_cmdline.o
 .data.cmd      0x0000000000000000      0x1f0 1c102_cmdline.o
 .text.do_exit  0x0000000000000000       0x28 1c102_cmdline.o
 .text.do_help  0x0000000000000000      0x208 1c102_cmdline.o
 .text.cmdline  0x0000000000000000      0xdbc 1c102_cmdline.o
 .comment       0x0000000000000000       0x12 1c102_cmdline.o
 .eh_frame      0x0000000000000000       0x84 1c102_cmdline.o
 COMMON         0x0000000000000000        0x4 1c102_cmdline.o
 .text          0x0000000000000000        0x0 1c102_cmd.o
 .data          0x0000000000000000        0x0 1c102_cmd.o
 .bss           0x0000000000000000        0x0 1c102_cmd.o
 .text.do_nothing
                0x0000000000000000       0x20 1c102_cmd.o
 .rodata        0x0000000000000000      0x875 1c102_cmd.o
 .text.do_d1    0x0000000000000000      0x114 1c102_cmd.o
 .text.do_d4    0x0000000000000000      0x120 1c102_cmd.o
 .text.do_m1    0x0000000000000000       0x90 1c102_cmd.o
 .text.do_m4    0x0000000000000000       0x8c 1c102_cmd.o
 .text.str2num  0x0000000000000000      0x214 1c102_cmd.o
 .text.v_play   0x0000000000000000       0x68 1c102_cmd.o
 .text.touch_reg_show
                0x0000000000000000      0x100 1c102_cmd.o
 .text.touch_value_show
                0x0000000000000000       0xd4 1c102_cmd.o
 .text.touch_test
                0x0000000000000000      0x274 1c102_cmd.o
 .text.hpet     0x0000000000000000      0x100 1c102_cmd.o
 .text.latimer  0x0000000000000000       0x94 1c102_cmd.o
 .text.delay    0x0000000000000000      0x104 1c102_cmd.o
 .text.wakeup   0x0000000000000000       0x90 1c102_cmd.o
 .text.a_to_n   0x0000000000000000       0x60 1c102_cmd.o
 .text.date     0x0000000000000000      0x48c 1c102_cmd.o
 .text.watch_dog
                0x0000000000000000       0x84 1c102_cmd.o
 .text.i2cp     0x0000000000000000       0x4c 1c102_cmd.o
 .text.i2cw     0x0000000000000000      0x10c 1c102_cmd.o
 .text.i2cr     0x0000000000000000       0xe0 1c102_cmd.o
 .text.adc      0x0000000000000000      0x1a4 1c102_cmd.o
 .text.batdet   0x0000000000000000      0x170 1c102_cmd.o
 .text.copy     0x0000000000000000      0x190 1c102_cmd.o
 .text.uart_init
                0x0000000000000000       0xac 1c102_cmd.o
 .text.sleep    0x0000000000000000       0xa4 1c102_cmd.o
 .text.spi_init
                0x0000000000000000       0x68 1c102_cmd.o
 .text.spi_write
                0x0000000000000000      0x134 1c102_cmd.o
 .text.spi_read
                0x0000000000000000      0x174 1c102_cmd.o
 .text.spi_erase
                0x0000000000000000       0x90 1c102_cmd.o
 .text.spi_flash
                0x0000000000000000      0x258 1c102_cmd.o
 .text.gpio_int_test
                0x0000000000000000       0x9c 1c102_cmd.o
 .text.gpio_int
                0x0000000000000000       0x34 1c102_cmd.o
 .text.tmp      0x0000000000000000       0x50 1c102_cmd.o
 .text.m4_flash
                0x0000000000000000       0xb4 1c102_cmd.o
 .text.copy_iram
                0x0000000000000000      0x138 1c102_cmd.o
 .comment       0x0000000000000000       0x12 1c102_cmd.o
 .eh_frame      0x0000000000000000      0x57c 1c102_cmd.o
 .text          0x0000000000000000        0x0 1c102_Interrupt.o
 .data          0x0000000000000000        0x0 1c102_Interrupt.o
 .bss           0x0000000000000000        0x0 1c102_Interrupt.o
 .text.SOFT_INT
                0x0000000000000000       0x34 1c102_Interrupt.o
 .text.TIMER_8M_INT
                0x0000000000000000       0x44 1c102_Interrupt.o
 .text.INTC     0x0000000000000000       0x1c 1c102_Interrupt.o
 .text.RING     0x0000000000000000       0x1c 1c102_Interrupt.o
 .eh_frame      0x0000000000000000      0x624 1c102_Interrupt.o
 COMMON         0x0000000000000000       0x80 1c102_Interrupt.o
 .text          0x0000000000000000        0x0 executer.o
 .data          0x0000000000000000        0x0 executer.o
 .bss           0x0000000000000000        0x0 executer.o
 .eh_frame      0x0000000000000000      0x124 executer.o
 .text          0x0000000000000000        0x0 1c102_main.o
 .data          0x0000000000000000        0x0 1c102_main.o
 .bss           0x0000000000000000        0x0 1c102_main.o
 .eh_frame      0x0000000000000000       0x34 1c102_main.o
 .text          0x0000000000000000        0x0 led_show.o
 .data          0x0000000000000000        0x0 led_show.o
 .bss           0x0000000000000000        0x0 led_show.o
 .eh_frame      0x0000000000000000       0x60 led_show.o
 .text          0x0000000000000000        0x0 cJSON.o
 .data          0x0000000000000000        0x0 cJSON.o
 .bss           0x0000000000000000        0x0 cJSON.o
 .eh_frame      0x0000000000000000       0x68 cJSON.o
 .text          0x0000000000000000        0x0 esp8266.o
 .data          0x0000000000000000        0x0 esp8266.o
 .bss           0x0000000000000000        0x0 esp8266.o
 .text.esp8266_send_data
                0x0000000000000000       0x3c esp8266.o
 .eh_frame      0x0000000000000000       0xb0 esp8266.o
 .text          0x0000000000000000        0x0 queue.o
 .data          0x0000000000000000        0x0 queue.o
 .bss           0x0000000000000000        0x0 queue.o
 .text.Queue_Init
                0x0000000000000000       0x4c queue.o
 .text.Queue_isFull
                0x0000000000000000       0x64 queue.o
 .eh_frame      0x0000000000000000      0x114 queue.o
 .text          0x0000000000000000        0x0 mqtt_esp.o
 .data          0x0000000000000000        0x0 mqtt_esp.o
 .bss           0x0000000000000000        0x0 mqtt_esp.o
 .eh_frame      0x0000000000000000       0xac mqtt_esp.o

Memory Configuration

Name             Origin             Length             Attributes
flash            0x000000001c000000 0x0000000000020000 xr
IRAM             0x0000000080000000 0x0000000000001000 rw
DRAM             0x0000000080001000 0x0000000000001000 rw
*default*        0x0000000000000000 0xffffffffffffffff

Linker script and memory map


.text           0x000000001c000000     0x62f4
                0x000000001c000000                . = ALIGN (0x4)
 *(.text .text.*)
 .text._start   0x000000001c000000     0x1128 start.o
                0x000000001c000000                _start
                0x000000001c0000ac                cpu_wait
                0x000000001c000800                m4_flash_4k
 .text          0x000000001c001128       0xbc serial.o
                0x000000001c001128                serial_out
                0x000000001c001144                outputaddr
                0x000000001c0011a4                outputstring
 .text          0x000000001c0011e4      0x148 wakeup.o
                0x000000001c0011e4                cpu_sleep
                0x000000001c00128c                wakeup_reset
 .text.GPIOInit
                0x000000001c00132c       0x98 UserGpio.o
                0x000000001c00132c                GPIOInit
 .text.bsp_init
                0x000000001c0013c4      0x114 init.o
                0x000000001c0013c4                bsp_init
 .text.AFIO_RemapConfig
                0x000000001c0014d8       0xcc ls1x_gpio.o
                0x000000001c0014d8                AFIO_RemapConfig
 .text.gpio_write_pin
                0x000000001c0015a4       0x78 ls1x_gpio.o
                0x000000001c0015a4                gpio_write_pin
 .text.gpio_pin_remap
                0x000000001c00161c      0x20c ls1x_gpio.o
                0x000000001c00161c                gpio_pin_remap
 .text.myputchar
                0x000000001c001828       0x3c ls1x_printf.o
                0x000000001c001828                myputchar
 .text.myputchar2
                0x000000001c001864       0x84 ls1x_printf.o
                0x000000001c001864                myputchar2
 .text.printbase
                0x000000001c0018e8      0x160 ls1x_printf.o
                0x000000001c0018e8                printbase
 .text.printbase2
                0x000000001c001a48      0x178 ls1x_printf.o
                0x000000001c001a48                printbase2
 .text.puts     0x000000001c001bc0       0x70 ls1x_printf.o
                0x000000001c001bc0                puts
 .text.puts2    0x000000001c001c30       0x88 ls1x_printf.o
                0x000000001c001c30                puts2
 .text.myprintf
                0x000000001c001cb8      0x3a4 ls1x_printf.o
                0x000000001c001cb8                myprintf
 .text.myprintf2
                0x000000001c00205c      0x414 ls1x_printf.o
                0x000000001c00205c                myprintf2
 .text.UART_Init
                0x000000001c002470      0x2fc ls1x_uart.o
                0x000000001c002470                UART_Init
 .text.UART_StructInit
                0x000000001c00276c       0x7c ls1x_uart.o
                0x000000001c00276c                UART_StructInit
 .text.UART_ITConfig
                0x000000001c0027e8       0x88 ls1x_uart.o
                0x000000001c0027e8                UART_ITConfig
 .text.UART_SendData
                0x000000001c002870       0x4c ls1x_uart.o
                0x000000001c002870                UART_SendData
 .text.UART_ReceiveData
                0x000000001c0028bc       0x4c ls1x_uart.o
                0x000000001c0028bc                UART_ReceiveData
 .text.Uart0_init
                0x000000001c002908       0xc4 ls1x_uart.o
                0x000000001c002908                Uart0_init
 .text.Uart1_init
                0x000000001c0029cc       0xc4 ls1x_uart.o
                0x000000001c0029cc                Uart1_init
 .text.Uart2_init
                0x000000001c002a90       0x84 ls1x_uart.o
                0x000000001c002a90                Uart2_init
 .text.Uart0_send
                0x000000001c002b14       0x3c ls1x_uart.o
                0x000000001c002b14                Uart0_send
 .text.Uart1_send
                0x000000001c002b50       0x3c ls1x_uart.o
                0x000000001c002b50                Uart1_send
 .text.Uart2_send
                0x000000001c002b8c       0x3c ls1x_uart.o
                0x000000001c002b8c                Uart2_send
 .text.CLOCK_WaitForHSEStartUp
                0x000000001c002bc8       0x9c ls1x_clock.o
                0x000000001c002bc8                CLOCK_WaitForHSEStartUp
 .text.CLOCK_WaitForLSEStartUp
                0x000000001c002c64       0xe4 ls1x_clock.o
                0x000000001c002c64                CLOCK_WaitForLSEStartUp
 .text.CLOCK_HSEConfig
                0x000000001c002d48       0xb4 ls1x_clock.o
                0x000000001c002d48                CLOCK_HSEConfig
 .text.CLOCK_LSEConfig
                0x000000001c002dfc       0x68 ls1x_clock.o
                0x000000001c002dfc                CLOCK_LSEConfig
 .text.CLOCK_StructInit
                0x000000001c002e64       0x64 ls1x_clock.o
                0x000000001c002e64                CLOCK_StructInit
 .text.CLOCK_Init
                0x000000001c002ec8      0x23c ls1x_clock.o
                0x000000001c002ec8                CLOCK_Init
 .text.SystemClockInit
                0x000000001c003104       0x9c ls1x_clock.o
                0x000000001c003104                SystemClockInit
 .text.DisableInt
                0x000000001c0031a0       0x24 ls1x_common.o
                0x000000001c0031a0                DisableInt
 .text.EnableInt
                0x000000001c0031c4       0x24 ls1x_common.o
                0x000000001c0031c4                EnableInt
 .text.Set_Timer_stop
                0x000000001c0031e8       0x20 ls1x_common.o
                0x000000001c0031e8                Set_Timer_stop
 .text.Set_Timer_clear
                0x000000001c003208       0x24 ls1x_common.o
                0x000000001c003208                Set_Timer_clear
 .text.Wake_Set
                0x000000001c00322c       0xac ls1x_common.o
                0x000000001c00322c                Wake_Set
 .text.PMU_GetRstRrc
                0x000000001c0032d8       0x6c ls1x_pmu.o
                0x000000001c0032d8                PMU_GetRstRrc
 .text.PMU_GetBootSpiStatus
                0x000000001c003344       0x50 ls1x_pmu.o
                0x000000001c003344                PMU_GetBootSpiStatus
 .text.ls1x_logo
                0x000000001c003394       0x9c ls1x_logo.o
                0x000000001c003394                ls1x_logo
 .text.get_count
                0x000000001c003430       0x2c ls1x_latimer.o
                0x000000001c003430                get_count
 .text.open_count
                0x000000001c00345c       0x24 ls1x_latimer.o
                0x000000001c00345c                open_count
 .text.start_count
                0x000000001c003480       0x48 ls1x_latimer.o
                0x000000001c003480                start_count
 .text.stop_count
                0x000000001c0034c8       0x88 ls1x_latimer.o
                0x000000001c0034c8                stop_count
 .text.delay_cycle
                0x000000001c003550       0x60 ls1x_latimer.o
                0x000000001c003550                delay_cycle
 .text.delay_ms
                0x000000001c0035b0       0x40 ls1x_latimer.o
                0x000000001c0035b0                delay_ms
 .text.memset   0x000000001c0035f0       0x60 ls1x_string.o
                0x000000001c0035f0                memset
 .text.pstrstr  0x000000001c003650       0xc8 ls1x_string.o
                0x000000001c003650                pstrstr
 .text.itoa     0x000000001c003718      0x17c ls1x_string.o
                0x000000001c003718                itoa
 .text.strcat   0x000000001c003894       0xa0 ls1x_string.o
                0x000000001c003894                strcat
 .text.strlen   0x000000001c003934       0x4c ls1x_string.o
                0x000000001c003934                strlen
 .text.EXTI_ClearITPendingBit
                0x000000001c003980       0x3c ls1x_exti.o
                0x000000001c003980                EXTI_ClearITPendingBit
 .text.WDG_getOddValue
                0x000000001c0039bc       0x88 ls1x_wdg.o
 .text.WDG_SetWatchDog
                0x000000001c003a44       0x8c ls1x_wdg.o
                0x000000001c003a44                WDG_SetWatchDog
 .text.WDG_DogFeed
                0x000000001c003ad0       0x2c ls1x_wdg.o
                0x000000001c003ad0                WDG_DogFeed
 .text.WdgInit  0x000000001c003afc       0x30 ls1x_wdg.o
                0x000000001c003afc                WdgInit
 .text.TOUCH_GetBaseVal
                0x000000001c003b2c       0x4c ls1c102_touch.o
                0x000000001c003b2c                TOUCH_GetBaseVal
 .text.TOUCH_GetCountValue
                0x000000001c003b78       0x4c ls1c102_touch.o
                0x000000001c003b78                TOUCH_GetCountValue
 .text.Printf_KeyChannel
                0x000000001c003bc4       0x7c ls1c102_touch.o
                0x000000001c003bc4                Printf_KeyChannel
 .text.Printf_KeyType
                0x000000001c003c40       0x8c ls1c102_touch.o
                0x000000001c003c40                Printf_KeyType
 .text.Printf_KeyVal
                0x000000001c003ccc      0x254 ls1c102_touch.o
                0x000000001c003ccc                Printf_KeyVal
 .text.TIM_Init
                0x000000001c003f20       0xd8 ls1c102_ptimer.o
                0x000000001c003f20                TIM_Init
 .text.TIM_StructInit
                0x000000001c003ff8       0x74 ls1c102_ptimer.o
                0x000000001c003ff8                TIM_StructInit
 .text.timer_init
                0x000000001c00406c       0x54 ls1c102_ptimer.o
                0x000000001c00406c                timer_init
 .text.TIM_GetITStatus
                0x000000001c0040c0       0x4c ls1c102_ptimer.o
                0x000000001c0040c0                TIM_GetITStatus
 .text.TIM_ClearIT
                0x000000001c00410c       0x5c ls1c102_ptimer.o
                0x000000001c00410c                TIM_ClearIT
 .text.exti_gpioa0_irq_handler
                0x000000001c004168       0x4c 1c102_Interrupt.o
                0x000000001c004168                exti_gpioa0_irq_handler
 .text.exti_gpioa1_irq_handler
                0x000000001c0041b4       0x4c 1c102_Interrupt.o
                0x000000001c0041b4                exti_gpioa1_irq_handler
 .text.exti_gpioa2_irq_handler
                0x000000001c004200       0x4c 1c102_Interrupt.o
                0x000000001c004200                exti_gpioa2_irq_handler
 .text.exti_gpioa3_irq_handler
                0x000000001c00424c       0x4c 1c102_Interrupt.o
                0x000000001c00424c                exti_gpioa3_irq_handler
 .text.exti_gpioa4_irq_handler
                0x000000001c004298       0x4c 1c102_Interrupt.o
                0x000000001c004298                exti_gpioa4_irq_handler
 .text.exti_gpioa5_irq_handler
                0x000000001c0042e4       0x4c 1c102_Interrupt.o
                0x000000001c0042e4                exti_gpioa5_irq_handler
 .text.exti_gpioa6_irq_handler
                0x000000001c004330       0x4c 1c102_Interrupt.o
                0x000000001c004330                exti_gpioa6_irq_handler
 .text.exti_gpioa7_irq_handler
                0x000000001c00437c       0x4c 1c102_Interrupt.o
                0x000000001c00437c                exti_gpioa7_irq_handler
 .text.exti_gpiob0_irq_handler
                0x000000001c0043c8       0x4c 1c102_Interrupt.o
                0x000000001c0043c8                exti_gpiob0_irq_handler
 .text.exti_gpiob1_irq_handler
                0x000000001c004414       0x4c 1c102_Interrupt.o
                0x000000001c004414                exti_gpiob1_irq_handler
 .text.exti_gpiob2_irq_handler
                0x000000001c004460       0x4c 1c102_Interrupt.o
                0x000000001c004460                exti_gpiob2_irq_handler
 .text.exti_gpiob3_irq_handler
                0x000000001c0044ac       0x4c 1c102_Interrupt.o
                0x000000001c0044ac                exti_gpiob3_irq_handler
 .text.exti_gpiob4_irq_handler
                0x000000001c0044f8       0x4c 1c102_Interrupt.o
                0x000000001c0044f8                exti_gpiob4_irq_handler
 .text.exti_gpiob5_irq_handler
                0x000000001c004544       0x4c 1c102_Interrupt.o
                0x000000001c004544                exti_gpiob5_irq_handler
 .text.exti_gpiob6_irq_handler
                0x000000001c004590       0x4c 1c102_Interrupt.o
                0x000000001c004590                exti_gpiob6_irq_handler
 .text.exti_gpiob7_irq_handler
                0x000000001c0045dc       0x4c 1c102_Interrupt.o
                0x000000001c0045dc                exti_gpiob7_irq_handler
 .text.exti_gpioc0_irq_handler
                0x000000001c004628       0x4c 1c102_Interrupt.o
                0x000000001c004628                exti_gpioc0_irq_handler
 .text.exti_gpioc1_irq_handler
                0x000000001c004674       0x4c 1c102_Interrupt.o
                0x000000001c004674                exti_gpioc1_irq_handler
 .text.exti_gpioc2_irq_handler
                0x000000001c0046c0       0x4c 1c102_Interrupt.o
                0x000000001c0046c0                exti_gpioc2_irq_handler
 .text.exti_gpioc3_irq_handler
                0x000000001c00470c       0x4c 1c102_Interrupt.o
                0x000000001c00470c                exti_gpioc3_irq_handler
 .text.exti_gpioc4_irq_handler
                0x000000001c004758       0x4c 1c102_Interrupt.o
                0x000000001c004758                exti_gpioc4_irq_handler
 .text.exti_gpioc5_irq_handler
                0x000000001c0047a4       0x4c 1c102_Interrupt.o
                0x000000001c0047a4                exti_gpioc5_irq_handler
 .text.exti_gpioc6_irq_handler
                0x000000001c0047f0       0x4c 1c102_Interrupt.o
                0x000000001c0047f0                exti_gpioc6_irq_handler
 .text.exti_gpioc7_irq_handler
                0x000000001c00483c       0x4c 1c102_Interrupt.o
                0x000000001c00483c                exti_gpioc7_irq_handler
 .text.exti_gpiod0_irq_handler
                0x000000001c004888       0x4c 1c102_Interrupt.o
                0x000000001c004888                exti_gpiod0_irq_handler
 .text.exti_gpiod1_irq_handler
                0x000000001c0048d4       0x4c 1c102_Interrupt.o
                0x000000001c0048d4                exti_gpiod1_irq_handler
 .text.exti_gpiod2_irq_handler
                0x000000001c004920       0x4c 1c102_Interrupt.o
                0x000000001c004920                exti_gpiod2_irq_handler
 .text.exti_gpiod3_irq_handler
                0x000000001c00496c       0x4c 1c102_Interrupt.o
                0x000000001c00496c                exti_gpiod3_irq_handler
 .text.exti_gpiod4_irq_handler
                0x000000001c0049b8       0x4c 1c102_Interrupt.o
                0x000000001c0049b8                exti_gpiod4_irq_handler
 .text.exti_gpiod5_irq_handler
                0x000000001c004a04       0x4c 1c102_Interrupt.o
                0x000000001c004a04                exti_gpiod5_irq_handler
 .text.exti_gpiod6_irq_handler
                0x000000001c004a50       0x4c 1c102_Interrupt.o
                0x000000001c004a50                exti_gpiod6_irq_handler
 .text.exti_gpiod7_irq_handler
                0x000000001c004a9c       0x4c 1c102_Interrupt.o
                0x000000001c004a9c                exti_gpiod7_irq_handler
 .text.ext_handler
                0x000000001c004ae8       0xb8 1c102_Interrupt.o
                0x000000001c004ae8                ext_handler
 .text.TIMER_WAKE_INT
                0x000000001c004ba0       0x50 1c102_Interrupt.o
                0x000000001c004ba0                TIMER_WAKE_INT
 .text.TOUCH    0x000000001c004bf0       0x94 1c102_Interrupt.o
                0x000000001c004bf0                TOUCH
 .text.UART2_INT
                0x000000001c004c84       0x3c 1c102_Interrupt.o
                0x000000001c004c84                UART2_INT
 .text.BAT_FAIL
                0x000000001c004cc0       0xd8 1c102_Interrupt.o
                0x000000001c004cc0                BAT_FAIL
 .text.intc_handler
                0x000000001c004d98      0x2e8 1c102_Interrupt.o
                0x000000001c004d98                intc_handler
 .text.TIMER_HANDLER
                0x000000001c005080       0x38 1c102_Interrupt.o
                0x000000001c005080                TIMER_HANDLER
 .text.executer_init
                0x000000001c0050b8       0x3c executer.o
                0x000000001c0050b8                executer_init
 .text.executer_choose_run
                0x000000001c0050f4       0xfc executer.o
                0x000000001c0050f4                executer_choose_run
 .text.run_function_50ms
                0x000000001c0051f0       0x1c executer.o
                0x000000001c0051f0                run_function_50ms
 .text.run_function_100ms
                0x000000001c00520c       0x1c executer.o
                0x000000001c00520c                run_function_100ms
 .text.run_function_500ms
                0x000000001c005228       0x2c executer.o
                0x000000001c005228                run_function_500ms
 .text.run_function_10ms
                0x000000001c005254       0x1c executer.o
                0x000000001c005254                run_function_10ms
 .text.run_function_20ms
                0x000000001c005270       0x1c executer.o
                0x000000001c005270                run_function_20ms
 .text.run_function_1000ms
                0x000000001c00528c       0x1c executer.o
                0x000000001c00528c                run_function_1000ms
 .text.main     0x000000001c0052a8       0x24 1c102_main.o
                0x000000001c0052a8                main
 .text.led_init
                0x000000001c0052cc       0x30 led_show.o
                0x000000001c0052cc                led_init
 .text.led_show
                0x000000001c0052fc       0x60 led_show.o
                0x000000001c0052fc                led_show
 .text.json_to_send
                0x000000001c00535c      0x380 cJSON.o
                0x000000001c00535c                json_to_send
 .text.esp8266_send_json
                0x000000001c0056dc       0x8c cJSON.o
                0x000000001c0056dc                esp8266_send_json
 .text.esp8266_check_cmd
                0x000000001c005768       0xcc esp8266.o
                0x000000001c005768                esp8266_check_cmd
 .text.esp8266_send_cmd
                0x000000001c005834       0xe4 esp8266.o
                0x000000001c005834                esp8266_send_cmd
 .text.esp8266_init
                0x000000001c005918      0x1b4 esp8266.o
                0x000000001c005918                esp8266_init
 .text.Queue_isEmpty
                0x000000001c005acc       0x50 queue.o
                0x000000001c005acc                Queue_isEmpty
 .text.Queue_HadUse
                0x000000001c005b1c       0x64 queue.o
                0x000000001c005b1c                Queue_HadUse
 .text.Queue_NoUse
                0x000000001c005b80       0x6c queue.o
                0x000000001c005b80                Queue_NoUse
 .text.Queue_Wirte
                0x000000001c005bec       0xdc queue.o
                0x000000001c005bec                Queue_Wirte
 .text.Queue_Read
                0x000000001c005cc8       0xdc queue.o
                0x000000001c005cc8                Queue_Read
 .text.mqtt_process_init
                0x000000001c005da4       0x30 mqtt_esp.o
                0x000000001c005da4                mqtt_process_init
 .text.mqtt_process
                0x000000001c005dd4       0x30 mqtt_esp.o
                0x000000001c005dd4                mqtt_process
 .text.Mqtt_System_Init
                0x000000001c005e04       0x60 mqtt_esp.o
                0x000000001c005e04                Mqtt_System_Init
 .text.Mqtt_Feedback
                0x000000001c005e64      0x490 mqtt_esp.o
                0x000000001c005e64                Mqtt_Feedback
                0x000000001c0062f4                . = ALIGN (0x4)
                0x000000001c0062f4                _etext = .

.rodata         0x000000001c006300      0xfe0
                0x000000001c006300                . = ALIGN (0x4)
 *(.rodata .rodata.*)
 .rodata        0x000000001c006300       0x1a serial.o
                0x000000001c006300                msg_wakeup
 *fill*         0x000000001c00631a        0x2 
 .rodata        0x000000001c00631c       0x38 init.o
 .rodata.myprintf
                0x000000001c006354      0x150 ls1x_printf.o
 .rodata.myprintf2
                0x000000001c0064a4      0x150 ls1x_printf.o
 .rodata        0x000000001c0065f4      0x387 ls1x_logo.o
 *fill*         0x000000001c00697b        0x1 
 .rodata        0x000000001c00697c       0x8d ls1c102_touch.o
 *fill*         0x000000001c006a09        0x3 
 .rodata        0x000000001c006a0c       0xaf 1c102_Interrupt.o
 *fill*         0x000000001c006abb        0x1 
 .rodata.Ext_IrqHandle
                0x000000001c006abc       0x80 1c102_Interrupt.o
                0x000000001c006abc                Ext_IrqHandle
 .rodata.BAT_FAIL
                0x000000001c006b3c       0x44 1c102_Interrupt.o
 .rodata.__FUNCTION__.1666
                0x000000001c006b80       0x18 1c102_Interrupt.o
 .rodata.__FUNCTION__.1670
                0x000000001c006b98       0x18 1c102_Interrupt.o
 .rodata.__FUNCTION__.1674
                0x000000001c006bb0       0x18 1c102_Interrupt.o
 .rodata.__FUNCTION__.1678
                0x000000001c006bc8       0x18 1c102_Interrupt.o
 .rodata.__FUNCTION__.1682
                0x000000001c006be0       0x18 1c102_Interrupt.o
 .rodata.__FUNCTION__.1686
                0x000000001c006bf8       0x18 1c102_Interrupt.o
 .rodata.__FUNCTION__.1690
                0x000000001c006c10       0x18 1c102_Interrupt.o
 .rodata.__FUNCTION__.1694
                0x000000001c006c28       0x18 1c102_Interrupt.o
 .rodata.__FUNCTION__.1698
                0x000000001c006c40       0x18 1c102_Interrupt.o
 .rodata.__FUNCTION__.1702
                0x000000001c006c58       0x18 1c102_Interrupt.o
 .rodata.__FUNCTION__.1706
                0x000000001c006c70       0x18 1c102_Interrupt.o
 .rodata.__FUNCTION__.1710
                0x000000001c006c88       0x18 1c102_Interrupt.o
 .rodata.__FUNCTION__.1714
                0x000000001c006ca0       0x18 1c102_Interrupt.o
 .rodata.__FUNCTION__.1718
                0x000000001c006cb8       0x18 1c102_Interrupt.o
 .rodata.__FUNCTION__.1722
                0x000000001c006cd0       0x18 1c102_Interrupt.o
 .rodata.__FUNCTION__.1726
                0x000000001c006ce8       0x18 1c102_Interrupt.o
 .rodata.__FUNCTION__.1730
                0x000000001c006d00       0x18 1c102_Interrupt.o
 .rodata.__FUNCTION__.1734
                0x000000001c006d18       0x18 1c102_Interrupt.o
 .rodata.__FUNCTION__.1738
                0x000000001c006d30       0x18 1c102_Interrupt.o
 .rodata.__FUNCTION__.1742
                0x000000001c006d48       0x18 1c102_Interrupt.o
 .rodata.__FUNCTION__.1746
                0x000000001c006d60       0x18 1c102_Interrupt.o
 .rodata.__FUNCTION__.1750
                0x000000001c006d78       0x18 1c102_Interrupt.o
 .rodata.__FUNCTION__.1754
                0x000000001c006d90       0x18 1c102_Interrupt.o
 .rodata.__FUNCTION__.1758
                0x000000001c006da8       0x18 1c102_Interrupt.o
 .rodata.__FUNCTION__.1762
                0x000000001c006dc0       0x18 1c102_Interrupt.o
 .rodata.__FUNCTION__.1766
                0x000000001c006dd8       0x18 1c102_Interrupt.o
 .rodata.__FUNCTION__.1770
                0x000000001c006df0       0x18 1c102_Interrupt.o
 .rodata.__FUNCTION__.1774
                0x000000001c006e08       0x18 1c102_Interrupt.o
 .rodata.__FUNCTION__.1778
                0x000000001c006e20       0x18 1c102_Interrupt.o
 .rodata.__FUNCTION__.1782
                0x000000001c006e38       0x18 1c102_Interrupt.o
 .rodata.__FUNCTION__.1786
                0x000000001c006e50       0x18 1c102_Interrupt.o
 .rodata.__FUNCTION__.1790
                0x000000001c006e68       0x18 1c102_Interrupt.o
 .rodata        0x000000001c006e80       0x3f cJSON.o
 *fill*         0x000000001c006ebf        0x1 
 .rodata        0x000000001c006ec0      0x31f esp8266.o
 *fill*         0x000000001c0071df        0x1 
 .rodata        0x000000001c0071e0       0xff mqtt_esp.o
                0x000000001c0072e0                . = ALIGN (0x4)
 *fill*         0x000000001c0072df        0x1 
                0x000000001c0072e0                _sidata = ALIGN (., 0x4)
                0x000000001c0072e0                . = ALIGN (0x4)

.rela.dyn       0x000000001c0072e0        0x0
 .rela.got      0x000000001c0072e0        0x0 start.o
 .rela.rodata.myprintf
                0x000000001c0072e0        0x0 start.o
 .rela.rodata.myprintf2
                0x000000001c0072e0        0x0 start.o
 .rela.rodata.Ext_IrqHandle
                0x000000001c0072e0        0x0 start.o
 .rela.rodata.BAT_FAIL
                0x000000001c0072e0        0x0 start.o

.data           0x0000000080001000       0x50 load address 0x000000001c0072e0
                0x0000000080001000                _sdata = .
                0x0000000080001000                . = ALIGN (0x4)
 *(.got.plt)
 .got.plt       0x0000000080001000        0x0 start.o
                0x0000000080001000                . = ALIGN (0x4)
 *(.got)
 .got           0x0000000080001000       0x4c start.o
                0x0000000080001000                _GLOBAL_OFFSET_TABLE_
                0x000000008000104c                . = ALIGN (0x4)
 *(.data .data.*)
 .data.g_SystemFreq
                0x000000008000104c        0x4 ls1x_clock.o
                0x000000008000104c                g_SystemFreq
                0x0000000080001050                . = ALIGN (0x4)
                0x0000000080001050                _edata = .

.bss            0x0000000080000000      0x528
                0x0000000080000000                _sbss = .
                0x0000000080000000                . = ALIGN (0x4)
 *(.sbss)
                0x0000000080000000                . = ALIGN (0x4)
 *(.bss .bss.*)
 .bss.count_10ms
                0x0000000080000000        0x1 1c102_Interrupt.o
                0x0000000080000000                count_10ms
 *fill*         0x0000000080000001        0x3 
 .bss.flag_10ms
                0x0000000080000004        0x4 1c102_Interrupt.o
                0x0000000080000004                flag_10ms
 .bss.count_20ms
                0x0000000080000008        0x1 1c102_Interrupt.o
                0x0000000080000008                count_20ms
 *fill*         0x0000000080000009        0x3 
 .bss.flag_20ms
                0x000000008000000c        0x4 1c102_Interrupt.o
                0x000000008000000c                flag_20ms
 .bss.count_50ms
                0x0000000080000010        0x1 1c102_Interrupt.o
                0x0000000080000010                count_50ms
 *fill*         0x0000000080000011        0x3 
 .bss.flag_50ms
                0x0000000080000014        0x4 1c102_Interrupt.o
                0x0000000080000014                flag_50ms
 .bss.count_100ms
                0x0000000080000018        0x1 1c102_Interrupt.o
                0x0000000080000018                count_100ms
 *fill*         0x0000000080000019        0x3 
 .bss.flag_100ms
                0x000000008000001c        0x4 1c102_Interrupt.o
                0x000000008000001c                flag_100ms
 .bss.count_500ms
                0x0000000080000020        0x1 1c102_Interrupt.o
                0x0000000080000020                count_500ms
 *fill*         0x0000000080000021        0x3 
 .bss.flag_500ms
                0x0000000080000024        0x4 1c102_Interrupt.o
                0x0000000080000024                flag_500ms
 .bss.count_1000ms
                0x0000000080000028        0x1 1c102_Interrupt.o
                0x0000000080000028                count_1000ms
 *fill*         0x0000000080000029        0x3 
 .bss.flag_1000ms
                0x000000008000002c        0x4 1c102_Interrupt.o
                0x000000008000002c                flag_1000ms
 .bss.receive_data_uart1.1853
                0x0000000080000030        0x1 1c102_Interrupt.o
 .bss.receive_data_uart0.1854
                0x0000000080000031        0x1 1c102_Interrupt.o
 .bss.temp      0x0000000080000032        0x1 led_show.o
                0x0000000080000032                temp
                0x0000000080000034                . = ALIGN (0x4)
 *fill*         0x0000000080000033        0x1 
 *(.scommon)
                0x0000000080000034                . = ALIGN (0x4)
 *(COMMON)
 COMMON         0x0000000080000034        0x4 cJSON.o
                0x0000000080000034                mqtt_data
 COMMON         0x0000000080000038      0x130 esp8266.o
                0x0000000080000038                Read_length
                0x000000008000003c                Read_Buffer
 COMMON         0x0000000080000168      0x260 queue.o
                0x0000000080000168                Circular_queue_asrpro
                0x0000000080000298                Circular_queue_send
 COMMON         0x00000000800003c8      0x160 mqtt_esp.o
                0x00000000800003c8                mqtt_esp_type
                0x00000000800003f4                send_package
                0x0000000080000520                send_contrl
                0x0000000080000527                send_len
                0x0000000080000528                . = ALIGN (0x4)
                0x0000000080000528                _ebss = .
LOAD start.o
LOAD serial.o
LOAD wakeup.o
LOAD UserGpio.o
LOAD init.o
LOAD ls1x_gpio.o
LOAD ls1x_spi.o
LOAD ls1x_printf.o
LOAD ls1x_uart.o
LOAD ls1x_clock.o
LOAD ls1x_common.o
LOAD ls1x_pmu.o
LOAD ls1x_logo.o
LOAD ls1x_latimer.o
LOAD ls1x_string.o
LOAD ls1x_flash.o
LOAD ls1x_rtc.o
LOAD ls1x_exti.o
LOAD ls1x_wdg.o
LOAD ls1c102_i2c.o
LOAD ls1c102_vpwm.o
LOAD ls1c102_adc.o
LOAD ls1c102_touch.o
LOAD ls1c102_ptimer.o
LOAD 1c102_cmdline.o
LOAD 1c102_cmd.o
LOAD 1c102_Interrupt.o
LOAD executer.o
LOAD 1c102_main.o
LOAD led_show.o
LOAD cJSON.o
LOAD esp8266.o
LOAD queue.o
LOAD mqtt_esp.o
OUTPUT(1c102_demo.elf elf32-loongarch)

.comment        0x0000000000000000       0x11
 .comment       0x0000000000000000       0x11 UserGpio.o
                                         0x12 (size before relaxing)
 .comment       0x0000000000000011       0x12 init.o
 .comment       0x0000000000000011       0x12 ls1x_gpio.o
 .comment       0x0000000000000011       0x12 ls1x_printf.o
 .comment       0x0000000000000011       0x12 ls1x_uart.o
 .comment       0x0000000000000011       0x12 ls1x_clock.o
 .comment       0x0000000000000011       0x12 ls1x_common.o
 .comment       0x0000000000000011       0x12 ls1x_pmu.o
 .comment       0x0000000000000011       0x12 ls1x_logo.o
 .comment       0x0000000000000011       0x12 ls1x_latimer.o
 .comment       0x0000000000000011       0x12 ls1x_string.o
 .comment       0x0000000000000011       0x12 ls1x_exti.o
 .comment       0x0000000000000011       0x12 ls1x_wdg.o
 .comment       0x0000000000000011       0x12 ls1c102_touch.o
 .comment       0x0000000000000011       0x12 ls1c102_ptimer.o
 .comment       0x0000000000000011       0x12 1c102_Interrupt.o
 .comment       0x0000000000000011       0x12 executer.o
 .comment       0x0000000000000011       0x12 1c102_main.o
 .comment       0x0000000000000011       0x12 led_show.o
 .comment       0x0000000000000011       0x12 cJSON.o
 .comment       0x0000000000000011       0x12 esp8266.o
 .comment       0x0000000000000011       0x12 queue.o
 .comment       0x0000000000000011       0x12 mqtt_esp.o
